Component: ARM Compiler 5.06 update 6 (build 750) Tool: armlink [4d35ed]

==============================================================================

Section Cross References

    main.o(.text) refers to _printf_percent.o(.ARM.Collect$$_printf_percent$$00000000) for _printf_percent
    main.o(.text) refers to _printf_d.o(.ARM.Collect$$_printf_percent$$00000009) for _printf_d
    main.o(.text) refers to _printf_dec.o(.text) for _printf_int_dec
    main.o(.text) refers to softiic.o(.text) for Soft_IIC_Start
    main.o(.text) refers to stm32f10x_rcc.o(.text) for RCC_APB1PeriphClockCmd
    main.o(.text) refers to stm32f10x_gpio.o(.text) for GPIO_Init
    main.o(.text) refers to stm32f10x_tim.o(.text) for TIM_ClearITPendingBit
    main.o(.text) refers to stm32f10x_flash.o(.text) for FLASH_SetLatency
    main.o(.text) refers to stm32f10x_iwdg.o(.text) for IWDG_WriteAccessCmd
    main.o(.text) refers to adc.o(.text) for Backlight_init
    main.o(.text) refers to led.o(.text) for LED_Init
    main.o(.text) refers to noretval__2printf.o(.text) for __2printf
    main.o(.text) refers to main.o(.data) for i
    main.o(.text) refers to main.o(.bss) for MyTouchData
    main.o(.text) refers to myiic.o(.data) for light
    main.o(.text) refers to adc.o(.data) for lastVolt
    main.o(.text) refers to gt911.o(.text) for GT911_RD_Reg
    main.o(.text) refers to delay.o(.text) for delay_ms
    main.o(.text) refers to rt_memclr_w.o(.text) for __aeabi_memclr4
    main.o(.text) refers to usart.o(.text) for uart_init
    main.o(.text) refers to sys.o(.text) for NVIC_Configuration
    main.o(.text) refers to myiic.o(.text) for I2C2_Init
    system_stm32f10x.o(.text) refers to system_stm32f10x.o(.data) for SystemCoreClock
    led.o(.text) refers to stm32f10x_rcc.o(.text) for RCC_APB2PeriphClockCmd
    led.o(.text) refers to stm32f10x_gpio.o(.text) for GPIO_Init
    key.o(.text) refers to stm32f10x_rcc.o(.text) for RCC_APB2PeriphClockCmd
    key.o(.text) refers to stm32f10x_gpio.o(.text) for GPIO_Init
    stmflash.o(.text) refers to stm32f10x_flash.o(.text) for FLASH_ProgramHalfWord
    stmflash.o(.text) refers to stmflash.o(.bss) for STMFLASH_BUF
    softiic.o(.text) refers to delay.o(.text) for delay_us
    softiic.o(.text) refers to stm32f10x_rcc.o(.text) for RCC_APB2PeriphClockCmd
    softiic.o(.text) refers to stm32f10x_gpio.o(.text) for GPIO_Init
    gt911.o(.text) refers to softiic.o(.text) for Soft_IIC_Start
    gt911.o(.text) refers to gt911.o(.data) for GT911_Cfg
    adc.o(.text) refers to stm32f10x_rcc.o(.text) for RCC_APB2PeriphClockCmd
    adc.o(.text) refers to stm32f10x_gpio.o(.text) for GPIO_Init
    adc.o(.text) refers to stm32f10x_adc.o(.text) for ADC_Init
    adc.o(.text) refers to stm32f10x_tim.o(.text) for TIM_TimeBaseInit
    adc.o(.text) refers to adc.o(.data) for lastVolt
    delay.o(.text) refers to system_stm32f10x.o(.data) for SystemCoreClock
    delay.o(.text) refers to delay.o(.data) for fac_us
    sys.o(.text) refers to misc.o(.text) for NVIC_PriorityGroupConfig
    usart.o(.text) refers (Special) to use_no_semi_2.o(.text) for __use_no_semihosting
    usart.o(.text) refers to stm32f10x_rcc.o(.text) for RCC_APB2PeriphClockCmd
    usart.o(.text) refers to stm32f10x_gpio.o(.text) for GPIO_Init
    usart.o(.text) refers to misc.o(.text) for NVIC_Init
    usart.o(.text) refers to stm32f10x_usart.o(.text) for USART_Init
    usart.o(.text) refers to usart.o(.data) for USART_RX_STA
    usart.o(.text) refers to usart.o(.bss) for USART_RX_BUF
    usart.o(.bss) refers (Special) to use_no_semi_2.o(.text) for __use_no_semihosting
    usart.o(.data) refers (Special) to use_no_semi_2.o(.text) for __use_no_semihosting
    myiic.o(.text) refers to stm32f10x_rcc.o(.text) for RCC_APB1PeriphClockCmd
    myiic.o(.text) refers to stm32f10x_gpio.o(.text) for GPIO_Init
    myiic.o(.text) refers to stm32f10x_i2c.o(.text) for I2C_Init
    myiic.o(.text) refers to misc.o(.text) for NVIC_Init
    myiic.o(.text) refers to myiic.o(.data) for MY_I2C_ADDRESS_DISPLAY
    myiic.o(.text) refers to main.o(.bss) for MyTouchData
    startup_stm32f10x_hd.o(STACK) refers (Special) to heapauxi.o(.text) for __use_two_region_memory
    startup_stm32f10x_hd.o(HEAP) refers (Special) to heapauxi.o(.text) for __use_two_region_memory
    startup_stm32f10x_hd.o(RESET) refers (Special) to heapauxi.o(.text) for __use_two_region_memory
    startup_stm32f10x_hd.o(RESET) refers to startup_stm32f10x_hd.o(STACK) for __initial_sp
    startup_stm32f10x_hd.o(RESET) refers to startup_stm32f10x_hd.o(.text) for Reset_Handler
    startup_stm32f10x_hd.o(RESET) refers to stm32f10x_it.o(.text) for NMI_Handler
    startup_stm32f10x_hd.o(RESET) refers to myiic.o(.text) for TIM3_IRQHandler
    startup_stm32f10x_hd.o(RESET) refers to usart.o(.text) for USART1_IRQHandler
    startup_stm32f10x_hd.o(.text) refers (Special) to heapauxi.o(.text) for __use_two_region_memory
    startup_stm32f10x_hd.o(.text) refers to system_stm32f10x.o(.text) for SystemInit
[...]
    ../clib/angel/boardlib.s                 0x00000000   Number         0  boardinit1.o ABSOLUTE
    ../clib/angel/boardlib.s                 0x00000000   Number         0  boardinit2.o ABSOLUTE
    ../clib/angel/boardlib.s                 0x00000000   Number         0  boardinit3.o ABSOLUTE
    ../clib/angel/dczerorl2.s                0x00000000   Number         0  __dczerorl2.o ABSOLUTE
    ../clib/angel/handlers.s                 0x00000000   Number         0  __scatter_zi.o ABSOLUTE
    ../clib/angel/kernel.s                   0x00000000   Number         0  __rtentry.o ABSOLUTE
    ../clib/angel/kernel.s                   0x00000000   Number         0  rtexit2.o ABSOLUTE
    ../clib/angel/kernel.s                   0x00000000   Number         0  rtexit.o ABSOLUTE
    ../clib/angel/kernel.s                   0x00000000   Number         0  __rtentry2.o ABSOLUTE
    ../clib/angel/kernel.s                   0x00000000   Number         0  __rtentry4.o ABSOLUTE
    ../clib/angel/rt.s                       0x00000000   Number         0  rt_raise.o ABSOLUTE
    ../clib/angel/scatter.s                  0x00000000   Number         0  __scatter.o ABSOLUTE
    ../clib/angel/startup.s                  0x00000000   Number         0  __main.o ABSOLUTE
    ../clib/angel/sys.s                      0x00000000   Number         0  use_no_semi_2.o ABSOLUTE
    ../clib/angel/sys.s                      0x00000000   Number         0  libspace.o ABSOLUTE
    ../clib/angel/sys.s                      0x00000000   Number         0  sys_stackheap_outer.o ABSOLUTE
    ../clib/angel/sys.s                      0x00000000   Number         0  indicate_semi.o ABSOLUTE
    ../clib/angel/sys.s                      0x00000000   Number         0  use_no_semi.o ABSOLUTE
    ../clib/angel/sysapp.c                   0x00000000   Number         0  sys_command.o ABSOLUTE
    ../clib/angel/sysapp.c                   0x00000000   Number         0  sys_wrch.o ABSOLUTE
    ../clib/armsys.c                         0x00000000   Number         0  argv_veneer.o ABSOLUTE
    ../clib/armsys.c                         0x00000000   Number         0  argv_veneer.o ABSOLUTE
    ../clib/armsys.c                         0x00000000   Number         0  _get_argv_nomalloc.o ABSOLUTE
    ../clib/armsys.c                         0x00000000   Number         0  no_argv.o ABSOLUTE
    ../clib/heapalloc.c                      0x00000000   Number         0  hrguard.o ABSOLUTE
    ../clib/heapaux.c                        0x00000000   Number         0  heapauxi.o ABSOLUTE
    ../clib/libinit.s                        0x00000000   Number         0  libshutdown2.o ABSOLUTE
    ../clib/libinit.s                        0x00000000   Number         0  libinit2.o ABSOLUTE
    ../clib/libinit.s                        0x00000000   Number         0  libshutdown.o ABSOLUTE
    ../clib/libinit.s                        0x00000000   Number         0  libinit.o ABSOLUTE
    ../clib/memcpset.s                       0x00000000   Number         0  rt_memclr_w.o ABSOLUTE
    ../clib/printf.c                         0x00000000   Number         0  _printf_char_common.o ABSOLUTE
    ../clib/printf.c                         0x00000000   Number         0  __printf_flags.o ABSOLUTE
    ../clib/printf.c                         0x00000000   Number         0  __printf_flags_ss_wp.o ABSOLUTE
    ../clib/printf.c                         0x00000000   Number         0  __printf_ss_wp.o ABSOLUTE
    ../clib/printf.c                         0x00000000   Number         0  __printf_flags_wp.o ABSOLUTE
    ../clib/printf.c                         0x00000000   Number         0  __printf_wp.o ABSOLUTE
    ../clib/printf.c                         0x00000000   Number         0  __printf_flags_ss.o ABSOLUTE
    ../clib/printf.c                         0x00000000   Number         0  _printf_char_file.o ABSOLUTE
    ../clib/printf.c                         0x00000000   Number         0  _printf_intcommon.o ABSOLUTE
    ../clib/printf.c                         0x00000000   Number         0  __printf_ss.o ABSOLUTE
    ../clib/printf.c                         0x00000000   Number         0  noretval__2printf.o ABSOLUTE
    ../clib/printf.c                         0x00000000   Number         0  __printf_nopercent.o ABSOLUTE
    ../clib/printf.c                         0x00000000   Number         0  __printf.o ABSOLUTE
    ../clib/printf.c                         0x00000000   Number         0  _printf_dec.o ABSOLUTE
    ../clib/printf.c                         0x00000000   Number         0  __2printf.o ABSOLUTE
    ../clib/printf_percent.s                 0x00000000   Number         0  _printf_d.o ABSOLUTE
    ../clib/printf_percent.s                 0x00000000   Number         0  _printf_percent.o ABSOLUTE
    ../clib/printf_percent.s                 0x00000000   Number         0  _printf_percent_end.o ABSOLUTE
    ../clib/signal.c                         0x00000000   Number         0  defsig_stak_inner.o ABSOLUTE
    ../clib/signal.c                         0x00000000   Number         0  defsig_rtred_inner.o ABSOLUTE
    ../clib/signal.c                         0x00000000   Number         0  defsig_rtmem_formal.o ABSOLUTE
    ../clib/signal.c                         0x00000000   Number         0  defsig_rtmem_inner.o ABSOLUTE
    ../clib/signal.c                         0x00000000   Number         0  defsig_rtmem_outer.o ABSOLUTE
    ../clib/signal.c                         0x00000000   Number         0  defsig_abrt_inner.o ABSOLUTE
    ../clib/signal.c                         0x00000000   Number         0  defsig_fpe_inner.o ABSOLUTE
    ../clib/signal.c                         0x00000000   Number         0  defsig_general.o ABSOLUTE
    ../clib/signal.c                         0x00000000   Number         0  __raise.o ABSOLUTE
    ../clib/signal.c                         0x00000000   Number         0  defsig_segv_inner.o ABSOLUTE
    ../clib/signal.c                         0x00000000   Number         0  defsig_exit.o ABSOLUTE
    ../clib/signal.c                         0x00000000   Number         0  defsig_other.o ABSOLUTE
    ../clib/signal.c                         0x00000000   Number         0  defsig_cppl_inner.o ABSOLUTE
    ../clib/signal.c                         0x00000000   Number         0  defsig_pvfn_inner.o ABSOLUTE
    ../clib/signal.s                         0x00000000   Number         0  defsig.o ABSOLUTE
    ../clib/stdio.c                          0x00000000   Number         0  ferror_locked.o ABSOLUTE
    ../clib/stdio.c                          0x00000000   Number         0  ferror.o ABSOLUTE
    ../clib/stdlib.c                         0x00000000   Number         0  exit.o ABSOLUTE
    ../fplib/fpinit.s                        0x00000000   Number         0  fpinit.o ABSOLUTE
    ..\CORE\core_cm3.c                       0x00000000   Number         0  core_cm3.o ABSOLUTE
    ..\CORE\startup_stm32f10x_hd.s           0x00000000   Number         0  startup_stm32f10x_hd.o ABSOLUTE
    ..\HARDWARE\ADC\adc.c                    0x00000000   Number         0  adc.o ABSOLUTE
    ..\HARDWARE\GT911.c                      0x00000000   Number         0  gt911.o ABSOLUTE
    ..\HARDWARE\IIC\myiic.c                  0x00000000   Number         0  myiic.o ABSOLUTE
    ..\HARDWARE\IIC\softiic.c                0x00000000   Number         0  softiic.o ABSOLUTE
    ..\HARDWARE\KEY\key.c                    0x00000000   Number         0  key.o ABSOLUTE
    ..\HARDWARE\LED\led.c                    0x00000000   Number         0  led.o ABSOLUTE
    ..\HARDWARE\STMFLASH\stmflash.c          0x00000000   Number         0  stmflash.o ABSOLUTE
    ..\STM32F10x_FWLib\src\misc.c            0x00000000   Number         0  misc.o ABSOLUTE
    ..\STM32F10x_FWLib\src\stm32f10x_adc.c   0x00000000   Number         0  stm32f10x_adc.o ABSOLUTE
    ..\STM32F10x_FWLib\src\stm32f10x_bkp.c   0x00000000   Number         0  stm32f10x_bkp.o ABSOLUTE
    ..\STM32F10x_FWLib\src\stm32f10x_can.c   0x00000000   Number         0  stm32f10x_can.o ABSOLUTE
    ..\STM32F10x_FWLib\src\stm32f10x_cec.c   0x00000000   Number         0  stm32f10x_cec.o ABSOLUTE
    ..\STM32F10x_FWLib\src\stm32f10x_crc.c   0x00000000   Number         0  stm32f10x_crc.o ABSOLUTE
    ..\STM32F10x_FWLib\src\stm32f10x_dac.c   0x00000000   Number         0  stm32f10x_dac.o ABSOLUTE
    ..\STM32F10x_FWLib\src\stm32f10x_dbgmcu.c 0x00000000   Number         0  stm32f10x_dbgmcu.o ABSOLUTE
    ..\STM32F10x_FWLib\src\stm32f10x_dma.c   0x00000000   Number         0  stm32f10x_dma.o ABSOLUTE
    ..\STM32F10x_FWLib\src\stm32f10x_exti.c  0x00000000   Number         0  stm32f10x_exti.o ABSOLUTE
    ..\STM32F10x_FWLib\src\stm32f10x_flash.c 0x00000000   Number         0  stm32f10x_flash.o ABSOLUTE
    ..\STM32F10x_FWLib\src\stm32f10x_fsmc.c  0x00000000   Number         0  stm32f10x_fsmc.o ABSOLUTE
    ..\STM32F10x_FWLib\src\stm32f10x_gpio.c  0x00000000   Number         0  stm32f10x_gpio.o ABSOLUTE
    ..\STM32F10x_FWLib\src\stm32f10x_i2c.c   0x00000000   Number         0  stm32f10x_i2c.o ABSOLUTE
    ..\STM32F10x_FWLib\src\stm32f10x_iwdg.c  0x00000000   Number         0  stm32f10x_iwdg.o ABSOLUTE
    ..\STM32F10x_FWLib\src\stm32f10x_pwr.c   0x00000000   Number         0  stm32f10x_pwr.o ABSOLUTE
    ..\STM32F10x_FWLib\src\stm32f10x_rcc.c   0x00000000   Number         0  stm32f10x_rcc.o ABSOLUTE
    ..\STM32F10x_FWLib\src\stm32f10x_rtc.c   0x00000000   Number         0  stm32f10x_rtc.o ABSOLUTE
    ..\STM32F10x_FWLib\src\stm32f10x_sdio.c  0x00000000   Number         0  stm32f10x_sdio.o ABSOLUTE
    ..\STM32F10x_FWLib\src\stm32f10x_spi.c   0x00000000   Number         0  stm32f10x_spi.o ABSOLUTE
    ..\STM32F10x_FWLib\src\stm32f10x_tim.c   0x00000000   Number         0  stm32f10x_tim.o ABSOLUTE
    ..\STM32F10x_FWLib\src\stm32f10x_usart.c 0x00000000   Number         0  stm32f10x_usart.o ABSOLUTE
    ..\STM32F10x_FWLib\src\stm32f10x_wwdg.c  0x00000000   Number         0  stm32f10x_wwdg.o ABSOLUTE
    ..\SYSTEM\delay\delay.c                  0x00000000   Number         0  delay.o ABSOLUTE
    ..\SYSTEM\sys\sys.c                      0x00000000   Number         0  sys.o ABSOLUTE
    ..\SYSTEM\usart\usart.c                  0x00000000   Number         0  usart.o ABSOLUTE
    ..\\CORE\\core_cm3.c                     0x00000000   Number         0  core_cm3.o ABSOLUTE
    dc.s                                     0x00000000   Number         0  dc.o ABSOLUTE
    main.c                                   0x00000000   Number         0  main.o ABSOLUTE
    stm32f10x_it.c                           0x00000000   Number         0  stm32f10x_it.o ABSOLUTE
    system_stm32f10x.c                       0x00000000   Number         0  system_stm32f10x.o ABSOLUTE
    RESET                                    0x08000000   Section      304  startup_stm32f10x_hd.o(RESET)
    !!!main                                  0x08000130   Section        8  __main.o(!!!main)
    !!!scatter                               0x08000138   Section       52  __scatter.o(!!!scatter)
    !!dczerorl2                              0x0800016c   Section       90  __dczerorl2.o(!!dczerorl2)
    !!handler_zi                             0x080001c8   Section       28  __scatter_zi.o(!!handler_zi)
    .ARM.Collect$$_printf_percent$$00000000  0x080001e4   Section        0  _printf_percent.o(.ARM.Collect$$_printf_percent$$00000000)
    .ARM.Collect$$_printf_percent$$00000009  0x080001e4   Section        6  _printf_d.o(.ARM.Collect$$_printf_percent$$00000009)
    .ARM.Collect$$_printf_percent$$00000017  0x080001ea   Section        4  _printf_percent_end.o(.ARM.Collect$$_printf_percent$$00000017)
    .ARM.Collect$$libinit$$00000000          0x080001ee   Section        2  libinit.o(.ARM.Collect$$libinit$$00000000)
    .ARM.Collect$$libinit$$00000002          0x080001f0   Section        0  libinit2.o(.ARM.Collect$$libinit$$00000002)
    .ARM.Collect$$libinit$$00000004          0x080001f0   Section        0  libinit2.o(.ARM.Collect$$libinit$$00000004)
    .ARM.Collect$$libinit$$0000000A          0x080001f0   Section        0  libinit2.o(.ARM.Collect$$libinit$$0000000A)
    .ARM.Collect$$libinit$$0000000C          0x080001f0   Section        0  libinit2.o(.ARM.Collect$$libinit$$0000000C)
    .ARM.Collect$$libinit$$0000000E          0x080001f0   Section        0  libinit2.o(.ARM.Collect$$libinit$$0000000E)
    .ARM.Collect$$libinit$$00000011          0x080001f0   Section        0  libinit2.o(.ARM.Collect$$libinit$$00000011)
    .ARM.Collect$$libinit$$00000013          0x080001f0   Section        0  libinit2.o(.ARM.Collect$$libinit$$00000013)
    .ARM.Collect$$libinit$$00000015          0x080001f0   Section        0  libinit2.o(.ARM.Collect$$libinit$$00000015)
    .ARM.Collect$$libinit$$00000017          0x080001f0   Section        0  libinit2.o(.ARM.Collect$$libinit$$00000017)
    .ARM.Collect$$libinit$$00000019          0x080001f0   Section        0  libinit2.o(.ARM.Collect$$libinit$$00000019)
    .ARM.Collect$$libinit$$0000001B          0x080001f0   Section        0  libinit2.o(.ARM.Collect$$libinit$$0000001B)
    .ARM.Collect$$libinit$$0000001D          0x080001f0   Section        0  libinit2.o(.ARM.Collect$$libinit$$0000001D)
    .ARM.Collect$$libinit$$0000001F          0x080001f0   Section        0  libinit2.o(.ARM.Collect$$libinit$$0000001F)
    .ARM.Collect$$libinit$$00000021          0x080001f0   Section        0  libinit2.o(.ARM.Collect$$libinit$$00000021)
    .ARM.Collect$$libinit$$00000023          0x080001f0   Section        0  libinit2.o(.ARM.Collect$$libinit$$00000023)
    .ARM.Collect$$libinit$$00000025          0x080001f0   Section        0  libinit2.o(.ARM.Collect$$libinit$$00000025)
    .ARM.Collect$$libinit$$0000002C          0x080001f0   Section        0  libinit2.o(.ARM.Collect$$libinit$$0000002C)
    .ARM.Collect$$libinit$$0000002E          0x080001f0   Section        0  libinit2.o(.ARM.Collect$$libinit$$0000002E)
    .ARM.Collect$$libinit$$00000030          0x080001f0   Section        0  libinit2.o(.ARM.Collect$$libinit$$00000030)
    .ARM.Collect$$libinit$$00000032          0x080001f0   Section        0  libinit2.o(.ARM.Collect$$libinit$$00000032)
    .ARM.Collect$$libinit$$00000033          0x080001f0   Section        2  libinit2.o(.ARM.Collect$$libinit$$00000033)
    .ARM.Collect$$libshutdown$$00000000      0x080001f2   Section        2  libshutdown.o(.ARM.Collect$$libshutdown$$00000000)
    .ARM.Collect$$libshutdown$$00000002      0x080001f4   Section        0  libshutdown2.o(.ARM.Collect$$libshutdown$$00000002)
    .ARM.Collect$$libshutdown$$00000004      0x080001f4   Section        0  libshutdown2.o(.ARM.Collect$$libshutdown$$00000004)
    .ARM.Collect$$libshutdown$$00000007      0x080001f4   Section        0  libshutdown2.o(.ARM.Collect$$libshutdown$$00000007)
    .ARM.Collect$$libshutdown$$0000000A      0x080001f4   Section        0  libshutdown2.o(.ARM.Collect$$libshutdown$$0000000A)
    .ARM.Collect$$libshutdown$$0000000C      0x080001f4   Section        0  libshutdown2.o(.ARM.Collect$$libshutdown$$0000000C)
    .ARM.Collect$$libshutdown$$0000000F      0x080001f4   Section        0  libshutdown2.o(.ARM.Collect$$libshutdown$$0000000F)
    .ARM.Collect$$libshutdown$$00000010      0x080001f4   Section        2  libshutdown2.o(.ARM.Collect$$libshutdown$$00000010)
    .ARM.Collect$$rtentry$$00000000          0x080001f6   Section        0  __rtentry.o(.ARM.Collect$$rtentry$$00000000)
    .ARM.Collect$$rtentry$$00000002          0x080001f6   Section        0  __rtentry2.o(.ARM.Collect$$rtentry$$00000002)
    .ARM.Collect$$rtentry$$00000004          0x080001f6   Section        6  __rtentry4.o(.ARM.Collect$$rtentry$$00000004)
    .ARM.Collect$$rtentry$$00000009          0x080001fc   Section        0  __rtentry2.o(.ARM.Collect$$rtentry$$00000009)
    .ARM.Collect$$rtentry$$0000000A          0x080001fc   Section        4  __rtentry2.o(.ARM.Collect$$rtentry$$0000000A)
    .ARM.Collect$$rtentry$$0000000C          0x08000200   Section        0  __rtentry2.o(.ARM.Collect$$rtentry$$0000000C)
    .ARM.Collect$$rtentry$$0000000D          0x08000200   Section        8  __rtentry2.o(.ARM.Collect$$rtentry$$0000000D)
    .ARM.Collect$$rtexit$$00000000           0x08000208   Section        2  rtexit.o(.ARM.Collect$$rtexit$$00000000)
    .ARM.Collect$$rtexit$$00000002           0x0800020a   Section        0  rtexit2.o(.ARM.Collect$$rtexit$$00000002)
    .ARM.Collect$$rtexit$$00000003           0x0800020a   Section        4  rtexit2.o(.ARM.Collect$$rtexit$$00000003)
    .ARM.Collect$$rtexit$$00000004           0x0800020e   Section        6  rtexit2.o(.ARM.Collect$$rtexit$$00000004)
    .text                                    0x08000214   Section        0  main.o(.text)
    InitShow                                 0x08000215   Thumb Code   128  main.o(.text)
    InitTouchData                            0x08000295   Thumb Code    72  main.o(.text)
    IWDG_Config                              0x080003bd   Thumb Code    36  main.o(.text)
    IWDG_Feed                                0x080003e1   Thumb Code     8  main.o(.text)
    .text                                    0x08000974   Section        0  stm32f10x_it.o(.text)
    .text                                    0x08000990   Section        0  system_stm32f10x.o(.text)
    SetSysClockTo72                          0x08000991   Thumb Code   214  system_stm32f10x.o(.text)
    SetSysClock                              0x08000a67   Thumb Code     8  system_stm32f10x.o(.text)
    .text                                    0x08000b70   Section        0  led.o(.text)
    .text                                    0x08000bd4   Section        0  softiic.o(.text)
    .text                                    0x08000e40   Section        0  gt911.o(.text)
    .text                                    0x08000f88   Section        0  adc.o(.text)
    TIM3_PWM_Init                            0x08001079   Thumb Code   154  adc.o(.text)
    .text                                    0x08001148   Section        0  delay.o(.text)
    .text                                    0x08001210   Section        0  sys.o(.text)
    .text                                    0x08001238   Section        0  usart.o(.text)
    .text                                    0x08001378   Section        0  myiic.o(.text)
    RestartTouch                             0x080014cb   Thumb Code    14  myiic.o(.text)
    sendDisplay                              0x080014d9   Thumb Code    22  myiic.o(.text)
    sendTouch                                0x080014ef   Thumb Code    62  myiic.o(.text)
    .text                                    0x08001998   Section       64  startup_stm32f10x_hd.o(.text)
    .text                                    0x080019d8   Section        0  misc.o(.text)
    .text                                    0x08001ab4   Section        0  stm32f10x_adc.o(.text)
    .text                                    0x08001f04   Section        0  stm32f10x_flash.o(.text)
    .text                                    0x080024c0   Section        0  stm32f10x_gpio.o(.text)
    .text                                    0x0800281c   Section        0  stm32f10x_i2c.o(.text)
    .text                                    0x08002c20   Section        0  stm32f10x_iwdg.o(.text)
    .text                                    0x08002c60   Section        0  stm32f10x_rcc.o(.text)
    .text                                    0x08003004   Section        0  stm32f10x_tim.o(.text)
    TI4_Config                               0x080034ab   Thumb Code   130  stm32f10x_tim.o(.text)
    TI3_Config                               0x0800353f   Thumb Code   122  stm32f10x_tim.o(.text)
    TI2_Config                               0x080035d3   Thumb Code   130  stm32f10x_tim.o(.text)
    TI1_Config                               0x08003667   Thumb Code   108  stm32f10x_tim.o(.text)
    .text                                    0x08003e20   Section        0  stm32f10x_usart.o(.text)
    .text                                    0x08004228   Section        2  use_no_semi_2.o(.text)
    .text                                    0x0800422c   Section        0  noretval__2printf.o(.text)
    .text                                    0x08004244   Section        0  __printf.o(.text)
    .text                                    0x080042ac   Section        0  _printf_dec.o(.text)
    .text                                    0x08004324   Section       78  rt_memclr_w.o(.text)
    .text                                    0x08004372   Section        0  heapauxi.o(.text)
    .text                                    0x08004378   Section        2  use_no_semi.o(.text)
    .text                                    0x0800437a   Section        0  _printf_intcommon.o(.text)
    .text                                    0x0800442c   Section        0  _printf_char_file.o(.text)
    .text                                    0x08004450   Section        0  _printf_char_common.o(.text)
    _printf_input_char                       0x08004451   Thumb Code    10  _printf_char_common.o(.text)
    .text                                    0x08004480   Section        0  ferror.o(.text)
    .text                                    0x08004488   Section       74  sys_stackheap_outer.o(.text)
    .text                                    0x080044d2   Section        0  exit.o(.text)
    .text                                    0x080044e4   Section        8  libspace.o(.text)
    .data                                    0x20000000   Section       58  main.o(.data)
    .data                                    0x2000003c   Section       20  system_stm32f10x.o(.data)
    .data                                    0x20000050   Section      184  gt911.o(.data)
    GT911_Cfg                                0x20000050   Data         184  gt911.o(.data)
    .data                                    0x20000108   Section        4  adc.o(.data)
    .data                                    0x2000010c   Section        4  delay.o(.data)
    fac_us                                   0x2000010c   Data           1  delay.o(.data)
    fac_ms                                   0x2000010e   Data           2  delay.o(.data)
    .data                                    0x20000110   Section        6  usart.o(.data)
    .data                                    0x20000116   Section       19  myiic.o(.data)
    .data                                    0x20000129   Section       20  stm32f10x_rcc.o(.data)
    APBAHBPrescTable                         0x20000129   Data          16  stm32f10x_rcc.o(.data)
    ADCPrescTable                            0x20000139   Data           4  stm32f10x_rcc.o(.data)
    .bss                                     0x20000140   Section       70  main.o(.bss)
    .bss                                     0x20000186   Section      200  usart.o(.bss)
    .bss                                     0x20000250   Section       96  libspace.o(.bss)
    HEAP                                     0x200002b0   Section      512  startup_stm32f10x_hd.o(HEAP)
    Heap_Mem                                 0x200002b0   Data         512  startup_stm32f10x_hd.o(HEAP)
    STACK                                    0x200004b0   Section     1024  startup_stm32f10x_hd.o(STACK)
    Stack_Mem                                0x200004b0   Data        1024  startup_stm32f10x_hd.o(STACK)
    __initial_sp                             0x200008b0   Data           0  startup_stm32f10x_hd.o(STACK)

    Global Symbols

    Symbol Name                              Value     Ov Type        Size  Object(Section)

    BuildAttributes$$THM_ISAv4$P$D$K$B$S$PE$A:L22UL41UL21$X:L11$S22US41US21$IEEE1$IW$USESV6$~STKCKD$USESV7$~SHL$OSPACE$ROPI$EBA8$UX$STANDARDLIB$REQ8$PRES8$EABIv2 0x00000000   Number         0  anon$$obj.o ABSOLUTE
    __ARM_use_no_argv                        0x00000000   Number         0  main.o ABSOLUTE
    __ARM_exceptions_init                     - Undefined Weak Reference
    __alloca_initialize                       - Undefined Weak Reference
    __arm_preinit_                            - Undefined Weak Reference
    __cpp_initialize__aeabi_                  - Undefined Weak Reference
    __cxa_finalize                            - Undefined Weak Reference
    __rt_locale                               - Undefined Weak Reference
    __sigvec_lookup                           - Undefined Weak Reference
    _atexit_init                              - Undefined Weak Reference
    _call_atexit_fns                          - Undefined Weak Reference
    _clock_init                               - Undefined Weak Reference
    _fp_trap_init                             - Undefined Weak Reference
    _fp_trap_shutdown                         - Undefined Weak Reference
    _get_lc_collate                           - Undefined Weak Reference
    _get_lc_ctype                             - Undefined Weak Reference
    _get_lc_monetary                          - Undefined Weak Reference
    _get_lc_numeric                           - Undefined Weak Reference
    _get_lc_time                              - Undefined Weak Reference
    _getenv_init                              - Undefined Weak Reference
    _handle_redirection                       - Undefined Weak Reference
    _init_alloc                               - Undefined Weak Reference
    _init_user_alloc                          - Undefined Weak Reference
    _initio                                   - Undefined Weak Reference
    _mutex_acquire                            - Undefined Weak Reference
    _mutex_release                            - Undefined Weak Reference
    _printf_post_padding                      - Undefined Weak Reference
    _printf_pre_padding                       - Undefined Weak Reference
    _printf_truncate_signed                   - Undefined Weak Reference
    _printf_truncate_unsigned                 - Undefined Weak Reference
    _rand_init                                - Undefined Weak Reference
    _signal_finish                            - Undefined Weak Reference
    _signal_init                              - Undefined Weak Reference
    _terminate_alloc                          - Undefined Weak Reference
    _terminate_user_alloc                     - Undefined Weak Reference
    _terminateio                              - Undefined Weak Reference
    __Vectors_Size                           0x00000130   Number         0  startup_stm32f10x_hd.o ABSOLUTE
    __Vectors                                0x08000000   Data           4  startup_stm32f10x_hd.o(RESET)
    __Vectors_End                            0x08000130   Data           0  startup_stm32f10x_hd.o(RESET)
    __main                                   0x08000131   Thumb Code     8  __main.o(!!!main)
    __scatterload                            0x08000139   Thumb Code     0  __scatter.o(!!!scatter)
    __scatterload_rt2                        0x08000139   Thumb Code    44  __scatter.o(!!!scatter)
    __scatterload_rt2_thumb_only             0x08000139   Thumb Code     0  __scatter.o(!!!scatter)
    __scatterload_null                       0x08000147   Thumb Code     0  __scatter.o(!!!scatter)
    __decompress                             0x0800016d   Thumb Code    90  __dczerorl2.o(!!dczerorl2)
    __decompress1                            0x0800016d   Thumb Code     0  __dczerorl2.o(!!dczerorl2)
    __scatterload_zeroinit                   0x080001c9   Thumb Code    28  __scatter_zi.o(!!handler_zi)
    _printf_d                                0x080001e5   Thumb Code     0  _printf_d.o(.ARM.Collect$$_printf_percent$$00000009)
    _printf_percent                          0x080001e5   Thumb Code     0  _printf_percent.o(.ARM.Collect$$_printf_percent$$00000000)
    _printf_percent_end                      0x080001eb   Thumb Code     0  _printf_percent_end.o(.ARM.Collect$$_printf_percent$$00000017)
    __rt_lib_init                            0x080001ef   Thumb Code     0  libinit.o(.ARM.Collect$$libinit$$00000000)
    __rt_lib_init_alloca_1                   0x080001f1   Thumb Code     0  libinit2.o(.ARM.Collect$$libinit$$0000002E)
    __rt_lib_init_argv_1                     0x080001f1   Thumb Code     0  libinit2.o(.ARM.Collect$$libinit$$0000002C)
    __rt_lib_init_atexit_1                   0x080001f1   Thumb Code     0  libinit2.o(.ARM.Collect$$libinit$$0000001B)
    __rt_lib_init_clock_1                    0x080001f1   Thumb Code     0  libinit2.o(.ARM.Collect$$libinit$$00000021)
    __rt_lib_init_cpp_1                      0x080001f1   Thumb Code     0  libinit2.o(.ARM.Collect$$libinit$$00000032)
    __rt_lib_init_exceptions_1               0x080001f1   Thumb Code     0  libinit2.o(.ARM.Collect$$libinit$$00000030)
    __rt_lib_init_fp_1                       0x080001f1   Thumb Code     0  libinit2.o(.ARM.Collect$$libinit$$00000002)
    __rt_lib_init_fp_trap_1                  0x080001f1   Thumb Code     0  libinit2.o(.ARM.Collect$$libinit$$0000001F)
    __rt_lib_init_getenv_1                   0x080001f1   Thumb Code     0  libinit2.o(.ARM.Collect$$libinit$$00000023)
    __rt_lib_init_heap_1                     0x080001f1   Thumb Code     0  libinit2.o(.ARM.Collect$$libinit$$0000000A)
    __rt_lib_init_lc_collate_1               0x080001f1   Thumb Code     0  libinit2.o(.ARM.Collect$$libinit$$00000011)
    __rt_lib_init_lc_ctype_1                 0x080001f1   Thumb Code     0  libinit2.o(.ARM.Collect$$libinit$$00000013)
    __rt_lib_init_lc_monetary_1              0x080001f1   Thumb Code     0  libinit2.o(.ARM.Collect$$libinit$$00000015)
    __rt_lib_init_lc_numeric_1               0x080001f1   Thumb Code     0  libinit2.o(.ARM.Collect$$libinit$$00000017)
    __rt_lib_init_lc_time_1                  0x080001f1   Thumb Code     0  libinit2.o(.ARM.Collect$$libinit$$00000019)
    __rt_lib_init_preinit_1                  0x080001f1   Thumb Code     0  libinit2.o(.ARM.Collect$$libinit$$00000004)
    __rt_lib_init_rand_1                     0x080001f1   Thumb Code     0  libinit2.o(.ARM.Collect$$libinit$$0000000E)
    __rt_lib_init_return                     0x080001f1   Thumb Code     0  libinit2.o(.ARM.Collect$$libinit$$00000033)
    __rt_lib_init_signal_1                   0x080001f1   Thumb Code     0  libinit2.o(.ARM.Collect$$libinit$$0000001D)
    __rt_lib_init_stdio_1                    0x080001f1   Thumb Code     0  libinit2.o(.ARM.Collect$$libinit$$00000025)
    __rt_lib_init_user_alloc_1               0x080001f1   Thumb Code     0  libinit2.o(.ARM.Collect$$libinit$$0000000C)
    __rt_lib_shutdown                        0x080001f3   Thumb Code     0  libshutdown.o(.ARM.Collect$$libshutdown$$00000000)
    __rt_lib_shutdown_cpp_1                  0x080001f5   Thumb Code     0  libshutdown2.o(.ARM.Collect$$libshutdown$$00000002)
    __rt_lib_shutdown_fp_trap_1              0x080001f5   Thumb Code     0  libshutdown2.o(.ARM.Collect$$libshutdown$$00000007)
    __rt_lib_shutdown_heap_1                 0x080001f5   Thumb Code     0  libshutdown2.o(.ARM.Collect$$libshutdown$$0000000F)
    __rt_lib_shutdown_return                 0x080001f5   Thumb Code     0  libshutdown2.o(.ARM.Collect$$libshutdown$$00000010)
    __rt_lib_shutdown_signal_1               0x080001f5   Thumb Code     0  libshutdown2.o(.ARM.Collect$$libshutdown$$0000000A)
    __rt_lib_shutdown_stdio_1                0x080001f5   Thumb Code     0  libshutdown2.o(.ARM.Collect$$libshutdown$$00000004)
    __rt_lib_shutdown_user_alloc_1           0x080001f5   Thumb Code     0  libshutdown2.o(.ARM.Collect$$libshutdown$$0000000C)
    __rt_entry                               0x080001f7   Thumb Code     0  __rtentry.o(.ARM.Collect$$rtentry$$00000000)
    __rt_entry_presh_1                       0x080001f7   Thumb Code     0  __rtentry2.o(.ARM.Collect$$rtentry$$00000002)
    __rt_entry_sh                            0x080001f7   Thumb Code     0  __rtentry4.o(.ARM.Collect$$rtentry$$00000004)
    __rt_entry_li                            0x080001fd   Thumb Code     0  __rtentry2.o(.ARM.Collect$$rtentry$$0000000A)
    __rt_entry_postsh_1                      0x080001fd   Thumb Code     0  __rtentry2.o(.ARM.Collect$$rtentry$$00000009)
    __rt_entry_main                          0x08000201   Thumb Code     0  __rtentry2.o(.ARM.Collect$$rtentry$$0000000D)
    __rt_entry_postli_1                      0x08000201   Thumb Code     0  __rtentry2.o(.ARM.Collect$$rtentry$$0000000C)
    __rt_exit                                0x08000209   Thumb Code     0  rtexit.o(.ARM.Collect$$rtexit$$00000000)
    __rt_exit_ls                             0x0800020b   Thumb Code     0  rtexit2.o(.ARM.Collect$$rtexit$$00000003)
    __rt_exit_prels_1                        0x0800020b   Thumb Code     0  rtexit2.o(.ARM.Collect$$rtexit$$00000002)
    __rt_exit_exit                           0x0800020f   Thumb Code     0  rtexit2.o(.ARM.Collect$$rtexit$$00000004)
    RCC_Configuration                        0x080002dd   Thumb Code    12  main.o(.text)
    GPIO_Configuration                       0x080002e9   Thumb Code    30  main.o(.text)
    TIM3_Configuration                       0x08000307   Thumb Code    64  main.o(.text)
    RCC1_Configuration                       0x08000347   Thumb Code   118  main.o(.text)
    dealBackLight                            0x080003e9   Thumb Code    70  main.o(.text)
    checkIC                                  0x0800042f   Thumb Code    50  main.o(.text)
    ft5216Scan                               0x08000461   Thumb Code   476  main.o(.text)
    gt911Scan                                0x0800063d   Thumb Code   366  main.o(.text)
    main                                     0x080007ab   Thumb Code   380  main.o(.text)
    NMI_Handler                              0x08000975   Thumb Code     2  stm32f10x_it.o(.text)
    HardFault_Handler                        0x08000977   Thumb Code     4  stm32f10x_it.o(.text)
    MemManage_Handler                        0x0800097b   Thumb Code     4  stm32f10x_it.o(.text)
    BusFault_Handler                         0x0800097f   Thumb Code     4  stm32f10x_it.o(.text)
    UsageFault_Handler                       0x08000983   Thumb Code     4  stm32f10x_it.o(.text)
    SVC_Handler                              0x08000987   Thumb Code     2  stm32f10x_it.o(.text)
    DebugMon_Handler                         0x08000989   Thumb Code     2  stm32f10x_it.o(.text)
    PendSV_Handler                           0x0800098b   Thumb Code     2  stm32f10x_it.o(.text)
    SysTick_Handler                          0x0800098d   Thumb Code     2  stm32f10x_it.o(.text)
    SystemInit                               0x08000a6f   Thumb Code    78  system_stm32f10x.o(.text)
    SystemCoreClockUpdate                    0x08000abd   Thumb Code   142  system_stm32f10x.o(.text)
    LED_Init                                 0x08000b71   Thumb Code    92  led.o(.text)
    Soft_Delay                               0x08000bd5   Thumb Code    10  softiic.o(.text)
    Soft_IIC_Init                            0x08000bdf   Thumb Code    50  softiic.o(.text)
    Soft_IIC_Start                           0x08000c11   Thumb Code    64  softiic.o(.text)
    Soft_IIC_Stop                            0x08000c51   Thumb Code    68  softiic.o(.text)
    Soft_IIC_Wait_Ack                        0x08000c95   Thumb Code    90  softiic.o(.text)
    Soft_IIC_Ack                             0x08000cef   Thumb Code    70  softiic.o(.text)
    Soft_IIC_NAck                            0x08000d35   Thumb Code    70  softiic.o(.text)
    Soft_IIC_Send_Byte                       0x08000d7b   Thumb Code    86  softiic.o(.text)
    Soft_IIC_Read_Byte                       0x08000dd1   Thumb Code    98  softiic.o(.text)
    GT911_WR_Reg                             0x08000e41   Thumb Code    92  gt911.o(.text)
    GT911_RD_Reg                             0x08000e9d   Thumb Code   146  gt911.o(.text)
    GT911_Send_Cfg                           0x08000f2f   Thumb Code    86  gt911.o(.text)
    ADC_Configuration                        0x08000f89   Thumb Code   152  adc.o(.text)
    readVoltage                              0x08001021   Thumb Code    88  adc.o(.text)
    Backlight_init                           0x08001113   Thumb Code    38  adc.o(.text)
    delay_init                               0x08001149   Thumb Code    40  delay.o(.text)
    delay_us                                 0x08001171   Thumb Code    72  delay.o(.text)
    delay_ms                                 0x080011b9   Thumb Code    72  delay.o(.text)
    NVIC_Configuration                       0x08001211   Thumb Code    40  sys.o(.text)
    _sys_exit                                0x08001239   Thumb Code     6  usart.o(.text)
    fputc                                    0x0800123f   Thumb Code    24  usart.o(.text)
    uart_init                                0x08001257   Thumb Code   152  usart.o(.text)
    USART1_IRQHandler                        0x080012ef   Thumb Code   122  usart.o(.text)
    I2C2_Init                                0x08001379   Thumb Code   150  myiic.o(.text)
    I2C1_Init                                0x0800140f   Thumb Code   148  myiic.o(.text)
    I2C_clear_ADDR                           0x080014a3   Thumb Code    16  myiic.o(.text)
    I2C_clear_STOPF                          0x080014b3   Thumb Code    24  myiic.o(.text)
    TIM3_IRQHandler                          0x0800152d   Thumb Code     2  myiic.o(.text)
    I2C1_EV_IRQHandler                       0x0800152f   Thumb Code   494  myiic.o(.text)
    I2C1_ER_IRQHandler                       0x0800171d   Thumb Code    84  myiic.o(.text)
    I2C2_EV_IRQHandler                       0x08001771   Thumb Code   420  myiic.o(.text)
    I2C2_ER_IRQHandler                       0x08001915   Thumb Code    84  myiic.o(.text)
    Reset_Handler                            0x08001999   Thumb Code     8  startup_stm32f10x_hd.o(.text)
    ADC1_2_IRQHandler                        0x080019b3   Thumb Code     0  startup_stm32f10x_hd.o(.text)
    ADC3_IRQHandler                          0x080019b3   Thumb Code     0  startup_stm32f10x_hd.o(.text)
    CAN1_RX1_IRQHandler                      0x080019b3   Thumb Code     0  startup_stm32f10x_hd.o(.text)
    CAN1_SCE_IRQHandler                      0x080019b3   Thumb Code     0  startup_stm32f10x_hd.o(.text)
    DMA1_Channel1_IRQHandler                 0x080019b3   Thumb Code     0  startup_stm32f10x_hd.o(.text)
    DMA1_Channel2_IRQHandler                 0x080019b3   Thumb Code     0  startup_stm32f10x_hd.o(.text)
    DMA1_Channel3_IRQHandler                 0x080019b3   Thumb Code     0  startup_stm32f10x_hd.o(.text)
    DMA1_Channel4_IRQHandler                 0x080019b3   Thumb Code     0  startup_stm32f10x_hd.o(.text)
    DMA1_Channel5_IRQHandler                 0x080019b3   Thumb Code     0  startup_stm32f10x_hd.o(.text)
    DMA1_Channel6_IRQHandler                 0x080019b3   Thumb Code     0  startup_stm32f10x_hd.o(.text)
    DMA1_Channel7_IRQHandler                 0x080019b3   Thumb Code     0  startup_stm32f10x_hd.o(.text)
    DMA2_Channel1_IRQHandler                 0x080019b3   Thumb Code     0  startup_stm32f10x_hd.o(.text)
    DMA2_Channel2_IRQHandler                 0x080019b3   Thumb Code     0  startup_stm32f10x_hd.o(.text)
    DMA2_Channel3_IRQHandler                 0x080019b3   Thumb Code     0  startup_stm32f10x_hd.o(.text)
    DMA2_Channel4_5_IRQHandler               0x080019b3   Thumb Code     0  startup_stm32f10x_hd.o(.text)
    EXTI0_IRQHandler                         0x080019b3   Thumb Code     0  startup_stm32f10x_hd.o(.text)
    EXTI15_10_IRQHandler                     0x080019b3   Thumb Code     0  startup_stm32f10x_hd.o(.text)
    EXTI1_IRQHandler                         0x080019b3   Thumb Code     0  startup_stm32f10x_hd.o(.text)
    EXTI2_IRQHandler                         0x080019b3   Thumb Code     0  startup_stm32f10x_hd.o(.text)
    EXTI3_IRQHandler                         0x080019b3   Thumb Code     0  startup_stm32f10x_hd.o(.text)
    EXTI4_IRQHandler                         0x080019b3   Thumb Code     0  startup_stm32f10x_hd.o(.text)
    EXTI9_5_IRQHandler                       0x080019b3   Thumb Code     0  startup_stm32f10x_hd.o(.text)
    FLASH_IRQHandler                         0x080019b3   Thumb Code     0  startup_stm32f10x_hd.o(.text)
    FSMC_IRQHandler                          0x080019b3   Thumb Code     0  startup_stm32f10x_hd.o(.text)
    PVD_IRQHandler                           0x080019b3   Thumb Code     0  startup_stm32f10x_hd.o(.text)
    RCC_IRQHandler                           0x080019b3   Thumb Code     0  startup_stm32f10x_hd.o(.text)
    RTCAlarm_IRQHandler                      0x080019b3   Thumb Code     0  startup_stm32f10x_hd.o(.text)
    RTC_IRQHandler                           0x080019b3   Thumb Code     0  startup_stm32f10x_hd.o(.text)
    SDIO_IRQHandler                          0x080019b3   Thumb Code     0  startup_stm32f10x_hd.o(.text)
    SPI1_IRQHandler                          0x080019b3   Thumb Code     0  startup_stm32f10x_hd.o(.text)
    SPI2_IRQHandler                          0x080019b3   Thumb Code     0  startup_stm32f10x_hd.o(.text)
    SPI3_IRQHandler                          0x080019b3   Thumb Code     0  startup_stm32f10x_hd.o(.text)
    TAMPER_IRQHandler                        0x080019b3   Thumb Code     0  startup_stm32f10x_hd.o(.text)
    TIM1_BRK_IRQHandler                      0x080019b3   Thumb Code     0  startup_stm32f10x_hd.o(.text)
    TIM1_CC_IRQHandler                       0x080019b3   Thumb Code     0  startup_stm32f10x_hd.o(.text)
    TIM1_TRG_COM_IRQHandler                  0x080019b3   Thumb Code     0  startup_stm32f10x_hd.o(.text)
    TIM1_UP_IRQHandler                       0x080019b3   Thumb Code     0  startup_stm32f10x_hd.o(.text)
    TIM2_IRQHandler                          0x080019b3   Thumb Code     0  startup_stm32f10x_hd.o(.text)
    TIM4_IRQHandler                          0x080019b3   Thumb Code     0  startup_stm32f10x_hd.o(.text)
    TIM5_IRQHandler                          0x080019b3   Thumb Code     0  startup_stm32f10x_hd.o(.text)
    TIM6_IRQHandler                          0x080019b3   Thumb Code     0  startup_stm32f10x_hd.o(.text)
    TIM7_IRQHandler                          0x080019b3   Thumb Code     0  startup_stm32f10x_hd.o(.text)
    TIM8_BRK_IRQHandler                      0x080019b3   Thumb Code     0  startup_stm32f10x_hd.o(.text)
    TIM8_CC_IRQHandler                       0x080019b3   Thumb Code     0  startup_stm32f10x_hd.o(.text)
    TIM8_TRG_COM_IRQHandler                  0x080019b3   Thumb Code     0  startup_stm32f10x_hd.o(.text)
    TIM8_UP_IRQHandler                       0x080019b3   Thumb Code     0  startup_stm32f10x_hd.o(.text)
    UART4_IRQHandler                         0x080019b3   Thumb Code     0  startup_stm32f10x_hd.o(.text)
    UART5_IRQHandler                         0x080019b3   Thumb Code     0  startup_stm32f10x_hd.o(.text)
    USART2_IRQHandler                        0x080019b3   Thumb Code     0  startup_stm32f10x_hd.o(.text)
    USART3_IRQHandler                        0x080019b3   Thumb Code     0  startup_stm32f10x_hd.o(.text)
    USBWakeUp_IRQHandler                     0x080019b3   Thumb Code     0  startup_stm32f10x_hd.o(.text)
    USB_HP_CAN1_TX_IRQHandler                0x080019b3   Thumb Code     0  startup_stm32f10x_hd.o(.text)
    USB_LP_CAN1_RX0_IRQHandler               0x080019b3   Thumb Code     0  startup_stm32f10x_hd.o(.text)
    WWDG_IRQHandler                          0x080019b3   Thumb Code     0  startup_stm32f10x_hd.o(.text)
    __user_initial_stackheap                 0x080019b5   Thumb Code     0  startup_stm32f10x_hd.o(.text)
    NVIC_PriorityGroupConfig                 0x080019d9   Thumb Code    10  misc.o(.text)
    NVIC_Init                                0x080019e3   Thumb Code   100  misc.o(.text)
    NVIC_SetVectorTable                      0x08001a47   Thumb Code    14  misc.o(.text)
    NVIC_SystemLPConfig                      0x08001a55   Thumb Code    34  misc.o(.text)
    SysTick_CLKSourceConfig                  0x08001a77   Thumb Code    40  misc.o(.text)
    ADC_DeInit                               0x08001ab5   Thumb Code    78  stm32f10x_adc.o(.text)
    ADC_Init                                 0x08001b03   Thumb Code    70  stm32f10x_adc.o(.text)
    ADC_StructInit                           0x08001b49   Thumb Code    18  stm32f10x_adc.o(.text)
    ADC_Cmd                                  0x08001b5b   Thumb Code    22  stm32f10x_adc.o(.text)
    ADC_DMACmd                               0x08001b71   Thumb Code    22  stm32f10x_adc.o(.text)
    ADC_ITConfig                             0x08001b87   Thumb Code    24  stm32f10x_adc.o(.text)
    ADC_ResetCalibration                     0x08001b9f   Thumb Code    10  stm32f10x_adc.o(.text)
    ADC_GetResetCalibrationStatus            0x08001ba9   Thumb Code    20  stm32f10x_adc.o(.text)
    ADC_StartCalibration                     0x08001bbd   Thumb Code    10  stm32f10x_adc.o(.text)
    ADC_GetCalibrationStatus                 0x08001bc7   Thumb Code    20  stm32f10x_adc.o(.text)
    ADC_SoftwareStartConvCmd                 0x08001bdb   Thumb Code    22  stm32f10x_adc.o(.text)
    ADC_GetSoftwareStartConvStatus           0x08001bf1   Thumb Code    20  stm32f10x_adc.o(.text)
    ADC_DiscModeChannelCountConfig           0x08001c05   Thumb Code    24  stm32f10x_adc.o(.text)
    ADC_DiscModeCmd                          0x08001c1d   Thumb Code    22  stm32f10x_adc.o(.text)
    ADC_RegularChannelConfig                 0x08001c33   Thumb Code   184  stm32f10x_adc.o(.text)
    ADC_ExternalTrigConvCmd                  0x08001ceb   Thumb Code    22  stm32f10x_adc.o(.text)
    ADC_GetConversionValue                   0x08001d01   Thumb Code     8  stm32f10x_adc.o(.text)
    ADC_GetDualModeConversionValue           0x08001d09   Thumb Code     8  stm32f10x_adc.o(.text)
    ADC_AutoInjectedConvCmd                  0x08001d11   Thumb Code    22  stm32f10x_adc.o(.text)
    ADC_InjectedDiscModeCmd                  0x08001d27   Thumb Code    22  stm32f10x_adc.o(.text)
    ADC_ExternalTrigInjectedConvConfig       0x08001d3d   Thumb Code    16  stm32f10x_adc.o(.text)
    ADC_ExternalTrigInjectedConvCmd          0x08001d4d   Thumb Code    22  stm32f10x_adc.o(.text)
    ADC_SoftwareStartInjectedConvCmd         0x08001d63   Thumb Code    22  stm32f10x_adc.o(.text)
    ADC_GetSoftwareStartInjectedConvCmdStatus 0x08001d79   Thumb Code    20  stm32f10x_adc.o(.text)
    ADC_InjectedChannelConfig                0x08001d8d   Thumb Code   130  stm32f10x_adc.o(.text)
    ADC_InjectedSequencerLengthConfig        0x08001e0f   Thumb Code    24  stm32f10x_adc.o(.text)
    ADC_SetInjectedOffset                    0x08001e27   Thumb Code    20  stm32f10x_adc.o(.text)
    ADC_GetInjectedConversionValue           0x08001e3b   Thumb Code    28  stm32f10x_adc.o(.text)
    ADC_AnalogWatchdogCmd                    0x08001e57   Thumb Code    16  stm32f10x_adc.o(.text)
    ADC_AnalogWatchdogThresholdsConfig       0x08001e67   Thumb Code     6  stm32f10x_adc.o(.text)
    ADC_AnalogWatchdogSingleChannelConfig    0x08001e6d   Thumb Code    16  stm32f10x_adc.o(.text)
    ADC_TempSensorVrefintCmd                 0x08001e7d   Thumb Code    64  stm32f10x_adc.o(.text)
    ADC_GetFlagStatus                        0x08001ebd   Thumb Code    18  stm32f10x_adc.o(.text)
    ADC_ClearFlag                            0x08001ecf   Thumb Code     6  stm32f10x_adc.o(.text)
    ADC_GetITStatus                          0x08001ed5   Thumb Code    36  stm32f10x_adc.o(.text)
    ADC_ClearITPendingBit                    0x08001ef9   Thumb Code    10  stm32f10x_adc.o(.text)
    FLASH_SetLatency                         0x08001f05   Thumb Code    18  stm32f10x_flash.o(.text)
    FLASH_HalfCycleAccessCmd                 0x08001f17   Thumb Code    22  stm32f10x_flash.o(.text)
    FLASH_PrefetchBufferCmd                  0x08001f2d   Thumb Code    22  stm32f10x_flash.o(.text)
    FLASH_Unlock                             0x08001f43   Thumb Code    12  stm32f10x_flash.o(.text)
    FLASH_UnlockBank1                        0x08001f4f   Thumb Code    12  stm32f10x_flash.o(.text)
    FLASH_Lock                               0x08001f5b   Thumb Code    14  stm32f10x_flash.o(.text)
    FLASH_LockBank1                          0x08001f69   Thumb Code    14  stm32f10x_flash.o(.text)
    FLASH_GetBank1Status                     0x08001f77   Thumb Code    48  stm32f10x_flash.o(.text)
    FLASH_WaitForLastOperation               0x08001fa7   Thumb Code    38  stm32f10x_flash.o(.text)
    FLASH_ErasePage                          0x08001fcd   Thumb Code    72  stm32f10x_flash.o(.text)
    FLASH_EraseAllPages                      0x08002015   Thumb Code    68  stm32f10x_flash.o(.text)
    FLASH_WaitForLastBank1Operation          0x08002059   Thumb Code    38  stm32f10x_flash.o(.text)
    FLASH_EraseAllBank1Pages                 0x0800207f   Thumb Code    68  stm32f10x_flash.o(.text)
    FLASH_GetReadOutProtectionStatus         0x080020c3   Thumb Code    20  stm32f10x_flash.o(.text)
    FLASH_EraseOptionBytes                   0x080020d7   Thumb Code   150  stm32f10x_flash.o(.text)
    FLASH_ProgramWord                        0x0800216d   Thumb Code   102  stm32f10x_flash.o(.text)
    FLASH_ProgramHalfWord                    0x080021d3   Thumb Code    60  stm32f10x_flash.o(.text)
    FLASH_ProgramOptionByteData              0x0800220f   Thumb Code    72  stm32f10x_flash.o(.text)
    FLASH_EnableWriteProtection              0x08002257   Thumb Code   200  stm32f10x_flash.o(.text)
    FLASH_ReadOutProtection                  0x0800231f   Thumb Code   156  stm32f10x_flash.o(.text)
    FLASH_UserOptionByteConfig               0x080023bb   Thumb Code    88  stm32f10x_flash.o(.text)
    FLASH_GetUserOptionByte                  0x08002413   Thumb Code     8  stm32f10x_flash.o(.text)
    FLASH_GetWriteProtectionOptionByte       0x0800241b   Thumb Code     6  stm32f10x_flash.o(.text)
    FLASH_GetPrefetchBufferStatus            0x08002421   Thumb Code    20  stm32f10x_flash.o(.text)
    FLASH_ITConfig                           0x08002435   Thumb Code    26  stm32f10x_flash.o(.text)
    FLASH_GetFlagStatus                      0x0800244f   Thumb Code    42  stm32f10x_flash.o(.text)
    FLASH_ClearFlag                          0x08002479   Thumb Code     6  stm32f10x_flash.o(.text)
    FLASH_GetStatus                          0x0800247f   Thumb Code    48  stm32f10x_flash.o(.text)
    GPIO_DeInit                              0x080024c1   Thumb Code   172  stm32f10x_gpio.o(.text)
    GPIO_AFIODeInit                          0x0800256d   Thumb Code    20  stm32f10x_gpio.o(.text)
    GPIO_Init                                0x08002581   Thumb Code   278  stm32f10x_gpio.o(.text)
    GPIO_StructInit                          0x08002697   Thumb Code    16  stm32f10x_gpio.o(.text)
    GPIO_ReadInputDataBit                    0x080026a7   Thumb Code    18  stm32f10x_gpio.o(.text)
    GPIO_ReadInputData                       0x080026b9   Thumb Code     8  stm32f10x_gpio.o(.text)
    GPIO_ReadOutputDataBit                   0x080026c1   Thumb Code    18  stm32f10x_gpio.o(.text)
    GPIO_ReadOutputData                      0x080026d3   Thumb Code     8  stm32f10x_gpio.o(.text)
    GPIO_SetBits                             0x080026db   Thumb Code     4  stm32f10x_gpio.o(.text)
    GPIO_ResetBits                           0x080026df   Thumb Code     4  stm32f10x_gpio.o(.text)
    GPIO_WriteBit                            0x080026e3   Thumb Code    10  stm32f10x_gpio.o(.text)
    GPIO_Write                               0x080026ed   Thumb Code     4  stm32f10x_gpio.o(.text)
    GPIO_PinLockConfig                       0x080026f1   Thumb Code    18  stm32f10x_gpio.o(.text)
    GPIO_EventOutputConfig                   0x08002703   Thumb Code    26  stm32f10x_gpio.o(.text)
    GPIO_EventOutputCmd                      0x0800271d   Thumb Code     6  stm32f10x_gpio.o(.text)
    GPIO_PinRemapConfig                      0x08002723   Thumb Code   138  stm32f10x_gpio.o(.text)
    GPIO_EXTILineConfig                      0x080027ad   Thumb Code    66  stm32f10x_gpio.o(.text)
    GPIO_ETH_MediaInterfaceConfig            0x080027ef   Thumb Code     8  stm32f10x_gpio.o(.text)
    I2C_DeInit                               0x0800281d   Thumb Code    50  stm32f10x_i2c.o(.text)
    I2C_Init                                 0x0800284f   Thumb Code   222  stm32f10x_i2c.o(.text)
    I2C_StructInit                           0x0800292d   Thumb Code    30  stm32f10x_i2c.o(.text)
    I2C_Cmd                                  0x0800294b   Thumb Code    24  stm32f10x_i2c.o(.text)
    I2C_DMACmd                               0x08002963   Thumb Code    24  stm32f10x_i2c.o(.text)
    I2C_DMALastTransferCmd                   0x0800297b   Thumb Code    24  stm32f10x_i2c.o(.text)
    I2C_GenerateSTART                        0x08002993   Thumb Code    24  stm32f10x_i2c.o(.text)
    I2C_GenerateSTOP                         0x080029ab   Thumb Code    24  stm32f10x_i2c.o(.text)
    I2C_AcknowledgeConfig                    0x080029c3   Thumb Code    24  stm32f10x_i2c.o(.text)
    I2C_OwnAddress2Config                    0x080029db   Thumb Code    22  stm32f10x_i2c.o(.text)
    I2C_DualAddressCmd                       0x080029f1   Thumb Code    24  stm32f10x_i2c.o(.text)
    I2C_GeneralCallCmd                       0x08002a09   Thumb Code    24  stm32f10x_i2c.o(.text)
    I2C_ITConfig                             0x08002a21   Thumb Code    18  stm32f10x_i2c.o(.text)
    I2C_SendData                             0x08002a33   Thumb Code     4  stm32f10x_i2c.o(.text)
    I2C_ReceiveData                          0x08002a37   Thumb Code     8  stm32f10x_i2c.o(.text)
    I2C_Send7bitAddress                      0x08002a3f   Thumb Code    18  stm32f10x_i2c.o(.text)
    I2C_ReadRegister                         0x08002a51   Thumb Code    22  stm32f10x_i2c.o(.text)
    I2C_SoftwareResetCmd                     0x08002a67   Thumb Code    22  stm32f10x_i2c.o(.text)
    I2C_NACKPositionConfig                   0x08002a7d   Thumb Code    28  stm32f10x_i2c.o(.text)
    I2C_SMBusAlertConfig                     0x08002a99   Thumb Code    28  stm32f10x_i2c.o(.text)
    I2C_TransmitPEC                          0x08002ab5   Thumb Code    24  stm32f10x_i2c.o(.text)
    I2C_PECPositionConfig                    0x08002acd   Thumb Code    28  stm32f10x_i2c.o(.text)
    I2C_CalculatePEC                         0x08002ae9   Thumb Code    24  stm32f10x_i2c.o(.text)
    I2C_GetPEC                               0x08002b01   Thumb Code     8  stm32f10x_i2c.o(.text)
    I2C_ARPCmd                               0x08002b09   Thumb Code    24  stm32f10x_i2c.o(.text)
    I2C_StretchClockCmd                      0x08002b21   Thumb Code    24  stm32f10x_i2c.o(.text)
    I2C_FastModeDutyCycleConfig              0x08002b39   Thumb Code    28  stm32f10x_i2c.o(.text)
    I2C_CheckEvent                           0x08002b55   Thumb Code    42  stm32f10x_i2c.o(.text)
    I2C_GetLastEvent                         0x08002b7f   Thumb Code    26  stm32f10x_i2c.o(.text)
    I2C_GetFlagStatus                        0x08002b99   Thumb Code    58  stm32f10x_i2c.o(.text)
    I2C_ClearFlag                            0x08002bd3   Thumb Code    12  stm32f10x_i2c.o(.text)
    I2C_GetITStatus                          0x08002bdf   Thumb Code    54  stm32f10x_i2c.o(.text)
    I2C_ClearITPendingBit                    0x08002c15   Thumb Code    12  stm32f10x_i2c.o(.text)
    IWDG_WriteAccessCmd                      0x08002c21   Thumb Code     6  stm32f10x_iwdg.o(.text)
    IWDG_SetPrescaler                        0x08002c27   Thumb Code     6  stm32f10x_iwdg.o(.text)
    IWDG_SetReload                           0x08002c2d   Thumb Code     6  stm32f10x_iwdg.o(.text)
    IWDG_ReloadCounter                       0x08002c33   Thumb Code    10  stm32f10x_iwdg.o(.text)
    IWDG_Enable                              0x08002c3d   Thumb Code    10  stm32f10x_iwdg.o(.text)
    IWDG_GetFlagStatus                       0x08002c47   Thumb Code    20  stm32f10x_iwdg.o(.text)
    RCC_DeInit                               0x08002c61   Thumb Code    64  stm32f10x_rcc.o(.text)
    RCC_HSEConfig                            0x08002ca1   Thumb Code    70  stm32f10x_rcc.o(.text)
    RCC_GetFlagStatus                        0x08002ce7   Thumb Code    56  stm32f10x_rcc.o(.text)
    RCC_WaitForHSEStartUp                    0x08002d1f   Thumb Code    56  stm32f10x_rcc.o(.text)
    RCC_AdjustHSICalibrationValue            0x08002d57   Thumb Code    20  stm32f10x_rcc.o(.text)
    RCC_HSICmd                               0x08002d6b   Thumb Code     6  stm32f10x_rcc.o(.text)
    RCC_PLLConfig                            0x08002d71   Thumb Code    24  stm32f10x_rcc.o(.text)
    RCC_PLLCmd                               0x08002d89   Thumb Code     6  stm32f10x_rcc.o(.text)
    RCC_SYSCLKConfig                         0x08002d8f   Thumb Code    18  stm32f10x_rcc.o(.text)
    RCC_GetSYSCLKSource                      0x08002da1   Thumb Code    10  stm32f10x_rcc.o(.text)
    RCC_HCLKConfig                           0x08002dab   Thumb Code    18  stm32f10x_rcc.o(.text)
    RCC_PCLK1Config                          0x08002dbd   Thumb Code    18  stm32f10x_rcc.o(.text)
    RCC_PCLK2Config                          0x08002dcf   Thumb Code    20  stm32f10x_rcc.o(.text)
    RCC_ITConfig                             0x08002de3   Thumb Code    26  stm32f10x_rcc.o(.text)
    RCC_USBCLKConfig                         0x08002dfd   Thumb Code     8  stm32f10x_rcc.o(.text)
    RCC_ADCCLKConfig                         0x08002e05   Thumb Code    18  stm32f10x_rcc.o(.text)
    RCC_LSEConfig                            0x08002e17   Thumb Code    50  stm32f10x_rcc.o(.text)
    RCC_LSICmd                               0x08002e49   Thumb Code     6  stm32f10x_rcc.o(.text)
    RCC_RTCCLKConfig                         0x08002e4f   Thumb Code    12  stm32f10x_rcc.o(.text)
    RCC_RTCCLKCmd                            0x08002e5b   Thumb Code     8  stm32f10x_rcc.o(.text)
    RCC_GetClocksFreq                        0x08002e63   Thumb Code   192  stm32f10x_rcc.o(.text)
    RCC_AHBPeriphClockCmd                    0x08002f23   Thumb Code    26  stm32f10x_rcc.o(.text)
    RCC_APB2PeriphClockCmd                   0x08002f3d   Thumb Code    26  stm32f10x_rcc.o(.text)
    RCC_APB1PeriphClockCmd                   0x08002f57   Thumb Code    26  stm32f10x_rcc.o(.text)
    RCC_APB2PeriphResetCmd                   0x08002f71   Thumb Code    26  stm32f10x_rcc.o(.text)
    RCC_APB1PeriphResetCmd                   0x08002f8b   Thumb Code    26  stm32f10x_rcc.o(.text)
    RCC_BackupResetCmd                       0x08002fa5   Thumb Code     8  stm32f10x_rcc.o(.text)
    RCC_ClockSecuritySystemCmd               0x08002fad   Thumb Code     6  stm32f10x_rcc.o(.text)
    RCC_MCOConfig                            0x08002fb3   Thumb Code     6  stm32f10x_rcc.o(.text)
    RCC_ClearFlag                            0x08002fb9   Thumb Code    14  stm32f10x_rcc.o(.text)
    RCC_GetITStatus                          0x08002fc7   Thumb Code    20  stm32f10x_rcc.o(.text)
    RCC_ClearITPendingBit                    0x08002fdb   Thumb Code     6  stm32f10x_rcc.o(.text)
    TIM_DeInit                               0x08003005   Thumb Code   424  stm32f10x_tim.o(.text)
    TIM_TimeBaseInit                         0x080031ad   Thumb Code   122  stm32f10x_tim.o(.text)
    TIM_OC1Init                              0x08003227   Thumb Code   132  stm32f10x_tim.o(.text)
    TIM_OC2Init                              0x080032ab   Thumb Code   154  stm32f10x_tim.o(.text)
    TIM_OC3Init                              0x08003345   Thumb Code   150  stm32f10x_tim.o(.text)
    TIM_OC4Init                              0x080033db   Thumb Code   182  stm32f10x_tim.o(.text)
    TIM_SetIC4Prescaler                      0x08003491   Thumb Code    26  stm32f10x_tim.o(.text)
    TIM_SetIC3Prescaler                      0x0800352d   Thumb Code    18  stm32f10x_tim.o(.text)
    TIM_SetIC2Prescaler                      0x080035b9   Thumb Code    26  stm32f10x_tim.o(.text)
    TIM_SetIC1Prescaler                      0x08003655   Thumb Code    18  stm32f10x_tim.o(.text)
    TIM_ICInit                               0x080036d3   Thumb Code   150  stm32f10x_tim.o(.text)
    TIM_PWMIConfig                           0x08003769   Thumb Code   124  stm32f10x_tim.o(.text)
    TIM_BDTRConfig                           0x080037e5   Thumb Code    32  stm32f10x_tim.o(.text)
    TIM_TimeBaseStructInit                   0x08003805   Thumb Code    18  stm32f10x_tim.o(.text)
    TIM_OCStructInit                         0x08003817   Thumb Code    20  stm32f10x_tim.o(.text)
    TIM_ICStructInit                         0x0800382b   Thumb Code    18  stm32f10x_tim.o(.text)
    TIM_BDTRStructInit                       0x0800383d   Thumb Code    40  stm32f10x_tim.o(.text)
    TIM_Cmd                                  0x08003865   Thumb Code    24  stm32f10x_tim.o(.text)
    TIM_CtrlPWMOutputs                       0x0800387d   Thumb Code    30  stm32f10x_tim.o(.text)
    TIM_ITConfig                             0x0800389b   Thumb Code    18  stm32f10x_tim.o(.text)
    TIM_GenerateEvent                        0x080038ad   Thumb Code     4  stm32f10x_tim.o(.text)
    TIM_DMAConfig                            0x080038b1   Thumb Code    10  stm32f10x_tim.o(.text)
    TIM_DMACmd                               0x080038bb   Thumb Code    18  stm32f10x_tim.o(.text)
    TIM_InternalClockConfig                  0x080038cd   Thumb Code    12  stm32f10x_tim.o(.text)
    TIM_SelectInputTrigger                   0x080038d9   Thumb Code    18  stm32f10x_tim.o(.text)
    TIM_ITRxExternalClockConfig              0x080038eb   Thumb Code    24  stm32f10x_tim.o(.text)
    TIM_TIxExternalClockConfig               0x08003903   Thumb Code    62  stm32f10x_tim.o(.text)
    TIM_ETRConfig                            0x08003941   Thumb Code    28  stm32f10x_tim.o(.text)
    TIM_ETRClockMode1Config                  0x0800395d   Thumb Code    54  stm32f10x_tim.o(.text)
    TIM_ETRClockMode2Config                  0x08003993   Thumb Code    32  stm32f10x_tim.o(.text)
    TIM_PrescalerConfig                      0x080039b3   Thumb Code     6  stm32f10x_tim.o(.text)
    TIM_CounterModeConfig                    0x080039b9   Thumb Code    18  stm32f10x_tim.o(.text)
    TIM_EncoderInterfaceConfig               0x080039cb   Thumb Code    66  stm32f10x_tim.o(.text)
    TIM_ForcedOC1Config                      0x08003a0d   Thumb Code    18  stm32f10x_tim.o(.text)
    TIM_ForcedOC2Config                      0x08003a1f   Thumb Code    26  stm32f10x_tim.o(.text)
    TIM_ForcedOC3Config                      0x08003a39   Thumb Code    18  stm32f10x_tim.o(.text)
    TIM_ForcedOC4Config                      0x08003a4b   Thumb Code    26  stm32f10x_tim.o(.text)
    TIM_ARRPreloadConfig                     0x08003a65   Thumb Code    24  stm32f10x_tim.o(.text)
    TIM_SelectCOM                            0x08003a7d   Thumb Code    24  stm32f10x_tim.o(.text)
    TIM_SelectCCDMA                          0x08003a95   Thumb Code    24  stm32f10x_tim.o(.text)
    TIM_CCPreloadControl                     0x08003aad   Thumb Code    24  stm32f10x_tim.o(.text)
    TIM_OC1PreloadConfig                     0x08003ac5   Thumb Code    18  stm32f10x_tim.o(.text)
    TIM_OC2PreloadConfig                     0x08003ad7   Thumb Code    26  stm32f10x_tim.o(.text)
    TIM_OC3PreloadConfig                     0x08003af1   Thumb Code    18  stm32f10x_tim.o(.text)
    TIM_OC4PreloadConfig                     0x08003b03   Thumb Code    26  stm32f10x_tim.o(.text)
    TIM_OC1FastConfig                        0x08003b1d   Thumb Code    18  stm32f10x_tim.o(.text)
    TIM_OC2FastConfig                        0x08003b2f   Thumb Code    26  stm32f10x_tim.o(.text)
    TIM_OC3FastConfig                        0x08003b49   Thumb Code    18  stm32f10x_tim.o(.text)
    TIM_OC4FastConfig                        0x08003b5b   Thumb Code    26  stm32f10x_tim.o(.text)
    TIM_ClearOC1Ref                          0x08003b75   Thumb Code    18  stm32f10x_tim.o(.text)
    TIM_ClearOC2Ref                          0x08003b87   Thumb Code    24  stm32f10x_tim.o(.text)
    TIM_ClearOC3Ref                          0x08003b9f   Thumb Code    18  stm32f10x_tim.o(.text)
    TIM_ClearOC4Ref                          0x08003bb1   Thumb Code    24  stm32f10x_tim.o(.text)
    TIM_OC1PolarityConfig                    0x08003bc9   Thumb Code    18  stm32f10x_tim.o(.text)
    TIM_OC1NPolarityConfig                   0x08003bdb   Thumb Code    18  stm32f10x_tim.o(.text)
    TIM_OC2PolarityConfig                    0x08003bed   Thumb Code    26  stm32f10x_tim.o(.text)
    TIM_OC2NPolarityConfig                   0x08003c07   Thumb Code    26  stm32f10x_tim.o(.text)
    TIM_OC3PolarityConfig                    0x08003c21   Thumb Code    26  stm32f10x_tim.o(.text)
    TIM_OC3NPolarityConfig                   0x08003c3b   Thumb Code    26  stm32f10x_tim.o(.text)
    TIM_OC4PolarityConfig                    0x08003c55   Thumb Code    26  stm32f10x_tim.o(.text)
    TIM_CCxCmd                               0x08003c6f   Thumb Code    30  stm32f10x_tim.o(.text)
    TIM_CCxNCmd                              0x08003c8d   Thumb Code    30  stm32f10x_tim.o(.text)
    TIM_SelectOCxM                           0x08003cab   Thumb Code    82  stm32f10x_tim.o(.text)
    TIM_UpdateDisableConfig                  0x08003cfd   Thumb Code    24  stm32f10x_tim.o(.text)
    TIM_UpdateRequestConfig                  0x08003d15   Thumb Code    24  stm32f10x_tim.o(.text)
    TIM_SelectHallSensor                     0x08003d2d   Thumb Code    24  stm32f10x_tim.o(.text)
    TIM_SelectOnePulseMode                   0x08003d45   Thumb Code    18  stm32f10x_tim.o(.text)
    TIM_SelectOutputTrigger                  0x08003d57   Thumb Code    18  stm32f10x_tim.o(.text)
    TIM_SelectSlaveMode                      0x08003d69   Thumb Code    18  stm32f10x_tim.o(.text)
    TIM_SelectMasterSlaveMode                0x08003d7b   Thumb Code    18  stm32f10x_tim.o(.text)
    TIM_SetCounter                           0x08003d8d   Thumb Code     4  stm32f10x_tim.o(.text)
    TIM_SetAutoreload                        0x08003d91   Thumb Code     4  stm32f10x_tim.o(.text)
    TIM_SetCompare1                          0x08003d95   Thumb Code     4  stm32f10x_tim.o(.text)
    TIM_SetCompare2                          0x08003d99   Thumb Code     4  stm32f10x_tim.o(.text)
    TIM_SetCompare3                          0x08003d9d   Thumb Code     4  stm32f10x_tim.o(.text)
    TIM_SetCompare4                          0x08003da1   Thumb Code     6  stm32f10x_tim.o(.text)
    TIM_SetClockDivision                     0x08003da7   Thumb Code    18  stm32f10x_tim.o(.text)
    TIM_GetCapture1                          0x08003db9   Thumb Code     6  stm32f10x_tim.o(.text)
    TIM_GetCapture2                          0x08003dbf   Thumb Code     6  stm32f10x_tim.o(.text)
    TIM_GetCapture3                          0x08003dc5   Thumb Code     6  stm32f10x_tim.o(.text)
    TIM_GetCapture4                          0x08003dcb   Thumb Code     8  stm32f10x_tim.o(.text)
    TIM_GetCounter                           0x08003dd3   Thumb Code     6  stm32f10x_tim.o(.text)
    TIM_GetPrescaler                         0x08003dd9   Thumb Code     6  stm32f10x_tim.o(.text)
    TIM_GetFlagStatus                        0x08003ddf   Thumb Code    18  stm32f10x_tim.o(.text)
    TIM_ClearFlag                            0x08003df1   Thumb Code     6  stm32f10x_tim.o(.text)
    TIM_GetITStatus                          0x08003df7   Thumb Code    34  stm32f10x_tim.o(.text)
    TIM_ClearITPendingBit                    0x08003e19   Thumb Code     6  stm32f10x_tim.o(.text)
    USART_DeInit                             0x08003e21   Thumb Code   134  stm32f10x_usart.o(.text)
    USART_Init                               0x08003ea7   Thumb Code   210  stm32f10x_usart.o(.text)
    USART_StructInit                         0x08003f79   Thumb Code    24  stm32f10x_usart.o(.text)
    USART_ClockInit                          0x08003f91   Thumb Code    34  stm32f10x_usart.o(.text)
    USART_ClockStructInit                    0x08003fb3   Thumb Code    12  stm32f10x_usart.o(.text)
    USART_Cmd                                0x08003fbf   Thumb Code    24  stm32f10x_usart.o(.text)
    USART_ITConfig                           0x08003fd7   Thumb Code    74  stm32f10x_usart.o(.text)
    USART_DMACmd                             0x08004021   Thumb Code    18  stm32f10x_usart.o(.text)
    USART_SetAddress                         0x08004033   Thumb Code    18  stm32f10x_usart.o(.text)
    USART_WakeUpConfig                       0x08004045   Thumb Code    18  stm32f10x_usart.o(.text)
    USART_ReceiverWakeUpCmd                  0x08004057   Thumb Code    24  stm32f10x_usart.o(.text)
    USART_LINBreakDetectLengthConfig         0x0800406f   Thumb Code    18  stm32f10x_usart.o(.text)
    USART_LINCmd                             0x08004081   Thumb Code    24  stm32f10x_usart.o(.text)
    USART_SendData                           0x08004099   Thumb Code     8  stm32f10x_usart.o(.text)
    USART_ReceiveData                        0x080040a1   Thumb Code    10  stm32f10x_usart.o(.text)
    USART_SendBreak                          0x080040ab   Thumb Code    10  stm32f10x_usart.o(.text)
    USART_SetGuardTime                       0x080040b5   Thumb Code    16  stm32f10x_usart.o(.text)
    USART_SetPrescaler                       0x080040c5   Thumb Code    16  stm32f10x_usart.o(.text)
    USART_SmartCardCmd                       0x080040d5   Thumb Code    24  stm32f10x_usart.o(.text)
    USART_SmartCardNACKCmd                   0x080040ed   Thumb Code    24  stm32f10x_usart.o(.text)
    USART_HalfDuplexCmd                      0x08004105   Thumb Code    24  stm32f10x_usart.o(.text)
    USART_OverSampling8Cmd                   0x0800411d   Thumb Code    22  stm32f10x_usart.o(.text)
    USART_OneBitMethodCmd                    0x08004133   Thumb Code    24  stm32f10x_usart.o(.text)
    USART_IrDAConfig                         0x0800414b   Thumb Code    18  stm32f10x_usart.o(.text)
    USART_IrDACmd                            0x0800415d   Thumb Code    24  stm32f10x_usart.o(.text)
    USART_GetFlagStatus                      0x08004175   Thumb Code    26  stm32f10x_usart.o(.text)
    USART_ClearFlag                          0x0800418f   Thumb Code    18  stm32f10x_usart.o(.text)
    USART_GetITStatus                        0x080041a1   Thumb Code    84  stm32f10x_usart.o(.text)
    USART_ClearITPendingBit                  0x080041f5   Thumb Code    52  stm32f10x_usart.o(.text)
    __use_no_semihosting                     0x08004229   Thumb Code     2  use_no_semi_2.o(.text)
    __2printf                                0x0800422d   Thumb Code    20  noretval__2printf.o(.text)
    __printf                                 0x08004245   Thumb Code   104  __printf.o(.text)
    _printf_int_dec                          0x080042ad   Thumb Code   104  _printf_dec.o(.text)
    __aeabi_memclr4                          0x08004325   Thumb Code     0  rt_memclr_w.o(.text)
    __aeabi_memclr8                          0x08004325   Thumb Code     0  rt_memclr_w.o(.text)
    __rt_memclr_w                            0x08004325   Thumb Code    78  rt_memclr_w.o(.text)
    _memset_w                                0x08004329   Thumb Code     0  rt_memclr_w.o(.text)
    __use_two_region_memory                  0x08004373   Thumb Code     2  heapauxi.o(.text)
    __rt_heap_escrow$2region                 0x08004375   Thumb Code     2  heapauxi.o(.text)
    __rt_heap_expand$2region                 0x08004377   Thumb Code     2  heapauxi.o(.text)
    __I$use$semihosting                      0x08004379   Thumb Code     0  use_no_semi.o(.text)
    __use_no_semihosting_swi                 0x08004379   Thumb Code     2  use_no_semi.o(.text)
    _printf_int_common                       0x0800437b   Thumb Code   178  _printf_intcommon.o(.text)
    _printf_char_file                        0x0800442d   Thumb Code    32  _printf_char_file.o(.text)
    _printf_char_common                      0x0800445b   Thumb Code    32  _printf_char_common.o(.text)
    ferror                                   0x08004481   Thumb Code     8  ferror.o(.text)
    __user_setup_stackheap                   0x08004489   Thumb Code    74  sys_stackheap_outer.o(.text)
    exit                                     0x080044d3   Thumb Code    18  exit.o(.text)
    __user_libspace                          0x080044e5   Thumb Code     8  libspace.o(.text)
    __user_perproc_libspace                  0x080044e5   Thumb Code     0  libspace.o(.text)
    __user_perthread_libspace                0x080044e5   Thumb Code     0  libspace.o(.text)
    Region$$Table$$Base                      0x080044ec   Number         0  anon$$obj.o(Region$$Table)
    Region$$Table$$Limit                     0x0800450c   Number         0  anon$$obj.o(Region$$Table)
    i                                        0x20000000   Data           1  main.o(.data)
    j                                        0x20000001   Data           1  main.o(.data)
    ic                                       0x20000004   Data           4  main.o(.data)
    ICN6211_REG_ADD                          0x20000008   Data          24  main.o(.data)
    ICN6211_REG_DATA                         0x20000020   Data          24  main.o(.data)
    status                                   0x20000038   Data           1  main.o(.data)
    flag                                     0x20000039   Data           1  main.o(.data)
    SystemCoreClock                          0x2000003c   Data           4  system_stm32f10x.o(.data)
    AHBPrescTable                            0x20000040   Data          16  system_stm32f10x.o(.data)
    lastVolt                                 0x20000108   Data           4  adc.o(.data)
    __stdout                                 0x20000110   Data           4  usart.o(.data)
    USART_RX_STA                             0x20000114   Data           2  usart.o(.data)
    MY_I2C_ADDRESS_TOUCH                     0x20000116   Data           2  myiic.o(.data)
    MY_I2C_ADDRESS_DISPLAY                   0x20000118   Data           2  myiic.o(.data)
    light                                    0x2000011a   Data           1  myiic.o(.data)
    ReadTouchWho                             0x2000011b   Data           1  myiic.o(.data)
    stopTim                                  0x2000011c   Data           1  myiic.o(.data)
    freq                                     0x2000011d   Data           1  myiic.o(.data)
    I2C1_ReceviceDone                        0x2000011e   Data           1  myiic.o(.data)
    data                                     0x2000011f   Data           1  myiic.o(.data)
    senddate                                 0x20000120   Data           1  myiic.o(.data)
    sendTouchOK                              0x20000121   Data           1  myiic.o(.data)
    time                                     0x20000122   Data           1  myiic.o(.data)
    first                                    0x20000123   Data           1  myiic.o(.data)
    RefreshTouch                             0x20000124   Data           1  myiic.o(.data)
    NumTime                                  0x20000125   Data           1  myiic.o(.data)
    TouorDISFreq                             0x20000126   Data           1  myiic.o(.data)
    TouchFreq                                0x20000127   Data           1  myiic.o(.data)
    DISFreq                                  0x20000128   Data           1  myiic.o(.data)
    buf                                      0x20000140   Data          43  main.o(.bss)
    MyTouchData                              0x2000016b   Data          27  main.o(.bss)
    USART_RX_BUF                             0x20000186   Data         200  usart.o(.bss)
    __libspace_start                         0x20000250   Data          96  libspace.o(.bss)
    __temporary_stack_top$libspace           0x200002b0   Data           0  libspace.o(.bss)



==============================================================================

Memory Map of the image

  Image Entry point : 0x08000131

  Load Region LR_IROM1 (Base: 0x08000000, Size: 0x0000464c, Max: 0x00010000, ABSOLUTE, COMPRESSED[0x000045cc])

    Execution Region ER_IROM1 (Exec base: 0x08000000, Load base: 0x08000000, Size: 0x0000450c, Max: 0x00010000, ABSOLUTE)

    Exec Addr    Load Addr    Size         Type   Attr      Idx    E Section Name        Object

    0x08000000   0x08000000   0x00000130   Data   RO          320    RESET               startup_stm32f10x_hd.o
    0x08000130   0x08000130   0x00000008   Code   RO          680  * !!!main             c_w.l(__main.o)
    0x08000138   0x08000138   0x00000034   Code   RO          850    !!!scatter          c_w.l(__scatter.o)
    0x0800016c   0x0800016c   0x0000005a   Code   RO          848    !!dczerorl2         c_w.l(__dczerorl2.o)
    0x080001c6   0x080001c6   0x00000002   PAD
    0x080001c8   0x080001c8   0x0000001c   Code   RO          852    !!handler_zi        c_w.l(__scatter_zi.o)
    0x080001e4   0x080001e4   0x00000000   Code   RO          675    .ARM.Collect$$_printf_percent$$00000000  c_w.l(_printf_percent.o)
    0x080001e4   0x080001e4   0x00000006   Code   RO          674    .ARM.Collect$$_printf_percent$$00000009  c_w.l(_printf_d.o)
    0x080001ea   0x080001ea   0x00000004   Code   RO          689    .ARM.Collect$$_printf_percent$$00000017  c_w.l(_printf_percent_end.o)
    0x080001ee   0x080001ee   0x00000002   Code   RO          722    .ARM.Collect$$libinit$$00000000  c_w.l(libinit.o)
    0x080001f0   0x080001f0   0x00000000   Code   RO          729    .ARM.Collect$$libinit$$00000002  c_w.l(libinit2.o)
    0x080001f0   0x080001f0   0x00000000   Code   RO          731    .ARM.Collect$$libinit$$00000004  c_w.l(libinit2.o)
    0x080001f0   0x080001f0   0x00000000   Code   RO          734    .ARM.Collect$$libinit$$0000000A  c_w.l(libinit2.o)
    0x080001f0   0x080001f0   0x00000000   Code   RO          736    .ARM.Collect$$libinit$$0000000C  c_w.l(libinit2.o)
    0x080001f0   0x080001f0   0x00000000   Code   RO          738    .ARM.Collect$$libinit$$0000000E  c_w.l(libinit2.o)
    0x080001f0   0x080001f0   0x00000000   Code   RO          741    .ARM.Collect$$libinit$$00000011  c_w.l(libinit2.o)
    0x080001f0   0x080001f0   0x00000000   Code   RO          743    .ARM.Collect$$libinit$$00000013  c_w.l(libinit2.o)
    0x080001f0   0x080001f0   0x00000000   Code   RO          745    .ARM.Collect$$libinit$$00000015  c_w.l(libinit2.o)
    0x080001f0   0x080001f0   0x00000000   Code   RO          747    .ARM.Collect$$libinit$$00000017  c_w.l(libinit2.o)
    0x080001f0   0x080001f0   0x00000000   Code   RO          749    .ARM.Collect$$libinit$$00000019  c_w.l(libinit2.o)
    0x080001f0   0x080001f0   0x00000000   Code   RO          751    .ARM.Collect$$libinit$$0000001B  c_w.l(libinit2.o)
    0x080001f0   0x080001f0   0x00000000   Code   RO          753    .ARM.Collect$$libinit$$0000001D  c_w.l(libinit2.o)
    0x080001f0   0x080001f0   0x00000000   Code   RO          755    .ARM.Collect$$libinit$$0000001F  c_w.l(libinit2.o)
    0x080001f0   0x080001f0   0x00000000   Code   RO          757    .ARM.Collect$$libinit$$00000021  c_w.l(libinit2.o)
    0x080001f0   0x080001f0   0x00000000   Code   RO          759    .ARM.Collect$$libinit$$00000023  c_w.l(libinit2.o)
    0x080001f0   0x080001f0   0x00000000   Code   RO          761    .ARM.Collect$$libinit$$00000025  c_w.l(libinit2.o)
    0x080001f0   0x080001f0   0x00000000   Code   RO          765    .ARM.Collect$$libinit$$0000002C  c_w.l(libinit2.o)
    0x080001f0   0x080001f0   0x00000000   Code   RO          767    .ARM.Collect$$libinit$$0000002E  c_w.l(libinit2.o)
    0x080001f0   0x080001f0   0x00000000   Code   RO          769    .ARM.Collect$$libinit$$00000030  c_w.l(libinit2.o)
    0x080001f0   0x080001f0   0x00000000   Code   RO          771    .ARM.Collect$$libinit$$00000032  c_w.l(libinit2.o)
    0x080001f0   0x080001f0   0x00000002   Code   RO          772    .ARM.Collect$$libinit$$00000033  c_w.l(libinit2.o)
    0x080001f2   0x080001f2   0x00000002   Code   RO          790    .ARM.Collect$$libshutdown$$00000000  c_w.l(libshutdown.o)
    0x080001f4   0x080001f4   0x00000000   Code   RO          800    .ARM.Collect$$libshutdown$$00000002  c_w.l(libshutdown2.o)
    0x080001f4   0x080001f4   0x00000000   Code   RO          802    .ARM.Collect$$libshutdown$$00000004  c_w.l(libshutdown2.o)
    0x080001f4   0x080001f4   0x00000000   Code   RO          805    .ARM.Collect$$libshutdown$$00000007  c_w.l(libshutdown2.o)
    0x080001f4   0x080001f4   0x00000000   Code   RO          808    .ARM.Collect$$libshutdown$$0000000A  c_w.l(libshutdown2.o)
    0x080001f4   0x080001f4   0x00000000   Code   RO          810    .ARM.Collect$$libshutdown$$0000000C  c_w.l(libshutdown2.o)
    0x080001f4   0x080001f4   0x00000000   Code   RO          813    .ARM.Collect$$libshutdown$$0000000F  c_w.l(libshutdown2.o)
    0x080001f4   0x080001f4   0x00000002   Code   RO          814    .ARM.Collect$$libshutdown$$00000010  c_w.l(libshutdown2.o)
    0x080001f6   0x080001f6   0x00000000   Code   RO          684    .ARM.Collect$$rtentry$$00000000  c_w.l(__rtentry.o)
    0x080001f6   0x080001f6   0x00000000   Code   RO          691    .ARM.Collect$$rtentry$$00000002  c_w.l(__rtentry2.o)
    0x080001f6   0x080001f6   0x00000006   Code   RO          703    .ARM.Collect$$rtentry$$00000004  c_w.l(__rtentry4.o)
    0x080001fc   0x080001fc   0x00000000   Code   RO          693    .ARM.Collect$$rtentry$$00000009  c_w.l(__rtentry2.o)
    0x080001fc   0x080001fc   0x00000004   Code   RO          694    .ARM.Collect$$rtentry$$0000000A  c_w.l(__rtentry2.o)
    0x08000200   0x08000200   0x00000000   Code   RO          696    .ARM.Collect$$rtentry$$0000000C  c_w.l(__rtentry2.o)
    0x08000200   0x08000200   0x00000008   Code   RO          697    .ARM.Collect$$rtentry$$0000000D  c_w.l(__rtentry2.o)
    0x08000208   0x08000208   0x00000002   Code   RO          726    .ARM.Collect$$rtexit$$00000000  c_w.l(rtexit.o)
    0x0800020a   0x0800020a   0x00000000   Code   RO          774    .ARM.Collect$$rtexit$$00000002  c_w.l(rtexit2.o)
    0x0800020a   0x0800020a   0x00000004   Code   RO          775    .ARM.Collect$$rtexit$$00000003  c_w.l(rtexit2.o)
    0x0800020e   0x0800020e   0x00000006   Code   RO          776    .ARM.Collect$$rtexit$$00000004  c_w.l(rtexit2.o)
    0x08000214   0x08000214   0x00000760   Code   RO            1    .text               main.o
    0x08000974   0x08000974   0x0000001a   Code   RO          103    .text               stm32f10x_it.o
    0x0800098e   0x0800098e   0x00000002   PAD
    0x08000990   0x08000990   0x000001e0   Code   RO          135    .text               system_stm32f10x.o
    0x08000b70   0x08000b70   0x00000064   Code   RO          153    .text               led.o
    0x08000bd4   0x08000bd4   0x0000026c   Code   RO          192    .text               softiic.o
    0x08000e40   0x08000e40   0x00000148   Code   RO          204    .text               gt911.o
    0x08000f88   0x08000f88   0x000001c0   Code   RO          218    .text               adc.o
    0x08001148   0x08001148   0x000000c8   Code   RO          236    .text               delay.o
    0x08001210   0x08001210   0x00000028   Code   RO          250    .text               sys.o
    0x08001238   0x08001238   0x00000140   Code   RO          262    .text               usart.o
    0x08001378   0x08001378   0x00000620   Code   RO          285    .text               myiic.o
    0x08001998   0x08001998   0x00000040   Code   RO          321    .text               startup_stm32f10x_hd.o
    0x080019d8   0x080019d8   0x000000dc   Code   RO          325    .text               misc.o
    0x08001ab4   0x08001ab4   0x0000044e   Code   RO          337    .text               stm32f10x_adc.o
    0x08001f02   0x08001f02   0x00000002   PAD
    0x08001f04   0x08001f04   0x000005bc   Code   RO          466    .text               stm32f10x_flash.o
    0x080024c0   0x080024c0   0x0000035c   Code   RO          493    .text               stm32f10x_gpio.o
    0x0800281c   0x0800281c   0x00000404   Code   RO          505    .text               stm32f10x_i2c.o
    0x08002c20   0x08002c20   0x00000040   Code   RO          517    .text               stm32f10x_iwdg.o
    0x08002c60   0x08002c60   0x000003a4   Code   RO          544    .text               stm32f10x_rcc.o
    0x08003004   0x08003004   0x00000e1a   Code   RO          603    .text               stm32f10x_tim.o
    0x08003e1e   0x08003e1e   0x00000002   PAD
    0x08003e20   0x08003e20   0x00000408   Code   RO          615    .text               stm32f10x_usart.o
    0x08004228   0x08004228   0x00000002   Code   RO          644    .text               c_w.l(use_no_semi_2.o)
    0x0800422a   0x0800422a   0x00000002   PAD
    0x0800422c   0x0800422c   0x00000018   Code   RO          648    .text               c_w.l(noretval__2printf.o)
    0x08004244   0x08004244   0x00000068   Code   RO          650    .text               c_w.l(__printf.o)
    0x080042ac   0x080042ac   0x00000078   Code   RO          652    .text               c_w.l(_printf_dec.o)
    0x08004324   0x08004324   0x0000004e   Code   RO          676    .text               c_w.l(rt_memclr_w.o)
    0x08004372   0x08004372   0x00000006   Code   RO          678    .text               c_w.l(heapauxi.o)
    0x08004378   0x08004378   0x00000002   Code   RO          682    .text               c_w.l(use_no_semi.o)
    0x0800437a   0x0800437a   0x000000b2   Code   RO          685    .text               c_w.l(_printf_intcommon.o)
    0x0800442c   0x0800442c   0x00000024   Code   RO          687    .text               c_w.l(_printf_char_file.o)
    0x08004450   0x08004450   0x00000030   Code   RO          705    .text               c_w.l(_printf_char_common.o)
    0x08004480   0x08004480   0x00000008   Code   RO          707    .text               c_w.l(ferror.o)
    0x08004488   0x08004488   0x0000004a   Code   RO          711    .text               c_w.l(sys_stackheap_outer.o)
    0x080044d2   0x080044d2   0x00000012   Code   RO          715    .text               c_w.l(exit.o)
    0x080044e4   0x080044e4   0x00000008   Code   RO          723    .text               c_w.l(libspace.o)
    0x080044ec   0x080044ec   0x00000020   Data   RO          846    Region$$Table       anon$$obj.o


    Execution Region RW_IRAM1 (Exec base: 0x20000000, Load base: 0x0800450c, Size: 0x000008b0, Max: 0x00005000, ABSOLUTE, COMPRESSED[0x000000c0])

    Exec Addr    Load Addr    Size         Type   Attr      Idx    E Section Name        Object

    0x20000000   COMPRESSED   0x0000003a   Data   RW            3    .data               main.o
    0x2000003a   COMPRESSED   0x00000002   PAD
    0x2000003c   COMPRESSED   0x00000014   Data   RW          136    .data               system_stm32f10x.o
    0x20000050   COMPRESSED   0x000000b8   Data   RW          205    .data               gt911.o
    0x20000108   COMPRESSED   0x00000004   Data   RW          219    .data               adc.o
    0x2000010c   COMPRESSED   0x00000004   Data   RW          237    .data               delay.o
    0x20000110   COMPRESSED   0x00000006   Data   RW          264    .data               usart.o
    0x20000116   COMPRESSED   0x00000013   Data   RW          286    .data               myiic.o
    0x20000129   COMPRESSED   0x00000014   Data   RW          545    .data               stm32f10x_rcc.o
    0x2000013d   COMPRESSED   0x00000003   PAD
    0x20000140        -       0x00000046   Zero   RW            2    .bss                main.o
    0x20000186        -       0x000000c8   Zero   RW          263    .bss                usart.o
    0x2000024e   COMPRESSED   0x00000002   PAD
    0x20000250        -       0x00000060   Zero   RW          724    .bss                c_w.l(libspace.o)
    0x200002b0        -       0x00000200   Zero   RW          319    HEAP                startup_stm32f10x_hd.o
    0x200004b0        -       0x00000400   Zero   RW          318    STACK               startup_stm32f10x_hd.o


==============================================================================

Image component sizes


      Code (inc. data)   RO Data    RW Data    ZI Data      Debug   Object Name

       448         16          0          4          0      10678   adc.o
         0          0          0          0          0         32   core_cm3.o
       200         16          0          4          0       1079   delay.o
       328          4          0        184          0       1975   gt911.o
       100          8          0          0          0        519   led.o
      1888        136          0         58         70     271524   main.o
       220         22          0          0          0       1809   misc.o
      1568        152          0         19          0       4614   myiic.o
       620         14          0          0          0       2067   softiic.o
        64         26        304          0       1536        804   startup_stm32f10x_hd.o
      1102         26          0          0          0      11053   stm32f10x_adc.o
      1468         34          0          0          0       8218   stm32f10x_flash.o
       860         38          0          0          0       5745   stm32f10x_gpio.o
      1028         16          0          0          0       9235   stm32f10x_i2c.o
        26          0          0          0          0       1186   stm32f10x_it.o
        64          6          0          0          0       1285   stm32f10x_iwdg.o
       932         36          0         20          0       8932   stm32f10x_rcc.o
      3610         88          0          0          0      22852   stm32f10x_tim.o
      1032         22          0          0          0       8468   stm32f10x_usart.o
        40          0          0          0          0        509   sys.o
       480         38          0         20          0       1755   system_stm32f10x.o
       320         16          0          6        200       3186   usart.o

    ----------------------------------------------------------------------
     16404        714        336        320       1808     377525   Object Totals
         0          0         32          0          0          0   (incl. Generated)
         6          0          0          5          2          0   (incl. Padding)

    ----------------------------------------------------------------------

      Code (inc. data)   RO Data    RW Data    ZI Data      Debug   Library Member Name

        90          0          0          0          0          0   __dczerorl2.o
         8          0          0          0          0         68   __main.o
       104          0          0          0          0         84   __printf.o
         0          0          0          0          0          0   __rtentry.o
        12          0          0          0          0          0   __rtentry2.o
         6          0          0          0          0          0   __rtentry4.o
        52          8          0          0          0          0   __scatter.o
        28          0          0          0          0          0   __scatter_zi.o
        48          6          0          0          0         96   _printf_char_common.o
        36          4          0          0          0         80   _printf_char_file.o
         6          0          0          0          0          0   _printf_d.o
       120         16          0          0          0         92   _printf_dec.o
       178          0          0          0          0         88   _printf_intcommon.o
         0          0          0          0          0          0   _printf_percent.o
         4          0          0          0          0          0   _printf_percent_end.o
        18          0          0          0          0         80   exit.o
         8          0          0          0          0         68   ferror.o
         6          0          0          0          0        152   heapauxi.o
         2          0          0          0          0          0   libinit.o
         2          0          0          0          0          0   libinit2.o
         2          0          0          0          0          0   libshutdown.o
         2          0          0          0          0          0   libshutdown2.o
         8          4          0          0         96         68   libspace.o
        24          4          0          0          0         84   noretval__2printf.o
        78          0          0          0          0         80   rt_memclr_w.o
         2          0          0          0          0          0   rtexit.o
        10          0          0          0          0          0   rtexit2.o
        74          0          0          0          0         80   sys_stackheap_outer.o
         2          0          0          0          0         68   use_no_semi.o
         2          0          0          0          0         68   use_no_semi_2.o

    ----------------------------------------------------------------------
       936         42          0          0         96       1256   Library Totals
         4          0          0          0          0          0   (incl. Padding)

    ----------------------------------------------------------------------

      Code (inc. data)   RO Data    RW Data    ZI Data      Debug   Library Name

       932         42          0          0         96       1256   c_w.l

    ----------------------------------------------------------------------
       936         42          0          0         96       1256   Library Totals

    ----------------------------------------------------------------------

==============================================================================


      Code (inc. data)   RO Data    RW Data    ZI Data      Debug   

     17340        756        336        320       1904     376281   Grand Totals
     17340        756        336        192       1904     376281   ELF Image Totals (compressed)
     17340        756        336        192          0          0   ROM Totals

==============================================================================

    Total RO  Size (Code + RO Data)                17676 (  17.26kB)
    Total RW  Size (RW Data + ZI Data)              2224 (   2.17kB)
    Total ROM Size (Code + RO Data + RW Data)      17868 (  17.45kB)

==============================================================================

