<html>
<body>
<pre>
<h1>µVision Build Log</h1>
<h2>Tool Versions:</h2>
IDE-Version: ¦ÌVision V5.27.1.0
Copyright (C) 2019 ARM Ltd and ARM Germany GmbH. All rights reserved.
License Information: FR FR, FR, LIC=MPPLD-80BDX-VEVHA-1SIQW-IPF1S-UUZY4
 
Tool Versions:
Toolchain:       MDK-ARM Plus  Version: 5.27.1.0
Toolchain Path:  E:\MDK5\ARM\ARMCC\Bin
C Compiler:      Armcc.exe V5.06 update 6 (build 750)
Assembler:       Armasm.exe V5.06 update 6 (build 750)
Linker/Locator:  ArmLink.exe V5.06 update 6 (build 750)
Library Manager: ArmAr.exe V5.06 update 6 (build 750)
Hex Converter:   FromElf.exe V5.06 update 6 (build 750)
CPU DLL:         SARMCM3.DLL V5.27.1.0
Dialog DLL:      DARMSTM.DLL V1.68.0.0
Target DLL:      Segger\JL2CM3.dll V2.99.35.0
Dialog DLL:      TARMSTM.DLL V1.66.0.0
 
<h2>Project:</h2>
C:\Users\feng\Desktop\Ð¡Ä£¿é\dsi_5\dfr0678\I2C_Slave\USER\Template.uvprojx
Project File Date:  03/23/2021

<h2>Output:</h2>
*** Using Compiler 'V5.06 update 6 (build 750)', folder: 'E:\MDK5\ARM\ARMCC\Bin'
Build target 'Template'
compiling main.c...
..\HARDWARE\ADC\adc.h(5): warning:  #1295-D: Deprecated declaration ADC_Configuration - give arg types
  void  ADC_Configuration();
..\HARDWARE\ADC\adc.h(6): warning:  #1295-D: Deprecated declaration readVoltage - give arg types
  uint32_t readVoltage();
..\HARDWARE\ADC\adc.h(7): warning:  #1295-D: Deprecated declaration Backlight_init - give arg types
  void	Backlight_init();
main.c(203): warning:  #111-D: statement is unreachable
  	Soft_IIC_Stop();
main.c(187): warning:  #177-D: variable "i"  was declared but never referenced
  	uint8_t i ,ack;
main.c: 5 warnings, 0 errors
linking...
Program Size: Code=17348 RO-data=336 RW-data=316 ZI-data=1908  
FromELF: creating hex file...
"..\OBJ\Template.axf" - 0 Error(s), 5 Warning(s).

<h2>Software Packages used:</h2>

Package Vendor: Keil
                http://www.keil.com/pack/Keil.STM32F1xx_DFP.1.0.5.pack
                Keil.STM32F1xx_DFP.1.0.5
                STMicroelectronics STM32F1 Series Device Support, Drivers and Examples

<h2>Collection of Component include folders:</h2>
  .\RTE\_Template
  E:\Users\feng\AppData\Local\Arm\Packs\Keil\STM32F1xx_DFP\1.0.5\Device\Include

<h2>Collection of Component Files used:</h2>
Build Time Elapsed:  00:00:01
</pre>
</body>
</html>
